Archive member included to satisfy reference by file (symbol)

/opt/devkitpro/libnds/lib/libmm9.a(mm_comms.o)
                              main.o (mmEffectCancel)
/opt/devkitpro/libnds/lib/libmm9.a(mm_memory.o)
                              main.o (mmLoadEffect)
/opt/devkitpro/libnds/lib/libmm9.a(mm_main9.o)
                              /opt/devkitpro/libnds/lib/libmm9.a(mm_memory.o) (mmcbMemory)
/opt/devkitpro/libnds/lib/libmm9.a(mm_soundbank.o)
                              /opt/devkitpro/libnds/lib/libmm9.a(mm_main9.o) (mmSoundBankInMemory)
/opt/devkitpro/libnds/lib/libmm9.a(mm_flusher.o)
                              /opt/devkitpro/libnds/lib/libmm9.a(mm_memory.o) (mmFlushBank)
/opt/devkitpro/libnds/lib/libnds9.a(background.o)
                              main.o (bgInit_call)
/opt/devkitpro/libnds/lib/libnds9.a(video.o)
                              main.o (vramSetPrimaryBanks)
/opt/devkitpro/libnds/lib/libnds9.a(sassert.o)
                              main.o (__sassert)
/opt/devkitpro/libnds/lib/libnds9.a(sprite_alloc.o)
                              main.o (oamAllocateGfx)
/opt/devkitpro/libnds/lib/libnds9.a(system.o)
                              main.o (powerOn)
/opt/devkitpro/libnds/lib/libnds9.a(console.o)
                              main.o (consoleDemoInit)
/opt/devkitpro/libnds/lib/libnds9.a(trig.o)
                              /opt/devkitpro/libnds/lib/libnds9.a(background.o) (sinLerp)
/opt/devkitpro/libnds/lib/libnds9.a(sprite.o)
                              /opt/devkitpro/libnds/lib/libnds9.a(sprite_alloc.o) (oamGetGfxPtr)
/opt/devkitpro/libnds/lib/libnds9.a(keys.o)
                              main.o (scanKeys)
/opt/devkitpro/libnds/lib/libnds9.a(initSystem.o)
                              /opt/devkitpro/devkitARM/lib/gcc/arm-none-eabi/9.1.0/../../../../arm-none-eabi/lib/ds_arm9_crt0.o (initSystem)
/opt/devkitpro/libnds/lib/libnds9.a(timeSupport.o)
                              /opt/devkitpro/libnds/lib/libnds9.a(initSystem.o) (__libnds_gtod)
/opt/devkitpro/libnds/lib/libnds9.a(securearea.o)
                              /opt/devkitpro/devkitARM/lib/gcc/arm-none-eabi/9.1.0/../../../../arm-none-eabi/lib/ds_arm9_crt0.o (__secure_area__)
/opt/devkitpro/libnds/lib/libnds9.a(interrupts.o)
                              /opt/devkitpro/libnds/lib/libnds9.a(initSystem.o) (irqInit)
/opt/devkitpro/libnds/lib/libnds9.a(libnds_exit.arm.o)
                              /opt/devkitpro/devkitARM/lib/gcc/arm-none-eabi/9.1.0/../../../../arm-none-eabi/lib/ds_arm9_crt0.o (__libnds_exit)
/opt/devkitpro/libnds/lib/libnds9.a(fifosystem.o)
                              /opt/devkitpro/libnds/lib/libmm9.a(mm_comms.o) (fifoSetValue32Handler)
/opt/devkitpro/libnds/lib/libnds9.a(dcache.o)
                              /opt/devkitpro/libnds/lib/libnds9.a(sprite.o) (DC_FlushRange)
/opt/devkitpro/libnds/lib/libnds9.a(mpu_setup.o)
                              /opt/devkitpro/devkitARM/lib/gcc/arm-none-eabi/9.1.0/../../../../arm-none-eabi/lib/ds_arm9_crt0.o (__libnds_mpu_setup)
/opt/devkitpro/libnds/lib/libnds9.a(IntrWait.o)
                              main.o (swiWaitForVBlank)
/opt/devkitpro/libnds/lib/libnds9.a(cpu_clock.o)
                              /opt/devkitpro/libnds/lib/libnds9.a(initSystem.o) (setCpuClock)
/opt/devkitpro/libnds/lib/libnds9.a(interruptDispatcher.o)
                              /opt/devkitpro/libnds/lib/libnds9.a(interrupts.o) (IntrMain)
/opt/devkitpro/libnds/lib/libnds9.a(debugprint.o)
                              /opt/devkitpro/libnds/lib/libnds9.a(console.o) (nocashWrite)
/opt/devkitpro/libnds/lib/libnds9.a(swiSoftReset.o)
                              /opt/devkitpro/libnds/lib/libnds9.a(fifosystem.o) (swiSoftReset)
/opt/devkitpro/libnds/lib/libnds9.a(biosCalls.o)
                              /opt/devkitpro/libnds/lib/libnds9.a(system.o) (swiDelay)
/opt/devkitpro/libnds/lib/libnds9.a(default_font.bin.o)
                              /opt/devkitpro/libnds/lib/libnds9.a(console.o) (default_font_bin)
/opt/devkitpro/devkitARM/lib/gcc/arm-none-eabi/9.1.0/../../../../arm-none-eabi/lib/libstdc++.a(del_ops.o)
                              TimerSystem.o (operator delete(void*, unsigned int))
/opt/devkitpro/devkitARM/lib/gcc/arm-none-eabi/9.1.0/../../../../arm-none-eabi/lib/libstdc++.a(del_op.o)
                              /opt/devkitpro/devkitARM/lib/gcc/arm-none-eabi/9.1.0/../../../../arm-none-eabi/lib/libstdc++.a(del_ops.o) (operator delete(void*))
/opt/devkitpro/devkitARM/lib/gcc/arm-none-eabi/9.1.0/libgcc.a(_divsi3.o)
                              /opt/devkitpro/libnds/lib/libnds9.a(console.o) (__aeabi_idivmod)
/opt/devkitpro/devkitARM/lib/gcc/arm-none-eabi/9.1.0/libgcc.a(_dvmd_tls.o)
                              /opt/devkitpro/devkitARM/lib/gcc/arm-none-eabi/9.1.0/libgcc.a(_divsi3.o) (__aeabi_idiv0)
/opt/devkitpro/devkitARM/lib/gcc/arm-none-eabi/9.1.0/../../../../arm-none-eabi/lib/libg.a(lib_a-bsearch.o)
[...]
Memory Configuration

Name             Origin             Length             Attributes
ewram            0x0000000002000000 0x0000000000380000
dtcm             0x000000000b000000 0x0000000000004000
vectors          0x0000000001000000 0x0000000000000100
itcm             0x0000000001000100 0x0000000000007f00
*default*        0x0000000000000000 0xffffffffffffffff

Linker script and memory map

                0x0000000002380000                __ewram_end = (ORIGIN (ewram) + LENGTH (ewram))
                0x0000000002380000                __eheap_end = (ORIGIN (ewram) + LENGTH (ewram))
                0x000000000b004000                __dtcm_top = (ORIGIN (dtcm) + LENGTH (dtcm))
                0x000000000b003ff8                __irq_flags = (__dtcm_top - 0x8)
                0x000000000b003ffc                __irq_vector = (__dtcm_top - 0x4)
                0x000000000b003f00                __sp_svc = (__dtcm_top - 0x100)
                0x000000000b003e00                __sp_irq = (__sp_svc - 0x100)
                0x000000000b003d00                __sp_usr = (__sp_irq - 0x100)

.secure         0x0000000002000000      0x800
 *(.secure)
 .secure        0x0000000002000000      0x800 /opt/devkitpro/libnds/lib/libnds9.a(securearea.o)
                0x0000000002000000                __secure_area__

.crt0           0x0000000002000800      0x300
                0x0000000002000800                __text_start = .
 *(.crt0)
 .crt0          0x0000000002000800      0x300 /opt/devkitpro/devkitARM/lib/gcc/arm-none-eabi/9.1.0/../../../../arm-none-eabi/lib/ds_arm9_crt0.o
                0x0000000002000800                _start
                0x0000000002000b00                . = ALIGN (0x4)

.plt
 *(.plt)

.init           0x0000000002000b00       0x18
 *(SORT_NONE(.init))
 .init          0x0000000002000b00        0xc /opt/devkitpro/devkitARM/lib/gcc/arm-none-eabi/9.1.0/crti.o
                0x0000000002000b00                _init
 .init          0x0000000002000b0c        0xc /opt/devkitpro/devkitARM/lib/gcc/arm-none-eabi/9.1.0/crtn.o

.text           0x0000000002000b18    0x12080
 *(EXCLUDE_FILE(*.twl* *.vectors* *.itcm*) .text)
 .text          0x0000000002000b18       0x54 TimerSystem.o
                0x0000000002000b18                Time::Time(int, int, int)
                0x0000000002000b18                Time::Time(int, int, int)
                0x0000000002000b30                Time::~Time()
                0x0000000002000b30                Time::~Time()
 .text          0x0000000002000b6c      0x24c /opt/devkitpro/libnds/lib/libmm9.a(mm_comms.o)
                0x0000000002000b6c                mmSetupComms
                0x0000000002000bbe                mmSendBank
                0x0000000002000bc8                mmLockChannels
                0x0000000002000bce                mmUnlockChannels
                0x0000000002000bd4                mmStart
                0x0000000002000bde                mmPause
                0x0000000002000be2                mmResume
                0x0000000002000be6                mmStop
                0x0000000002000bea                mmPosition
                0x0000000002000bee                mmJingle
                0x0000000002000bf2                mmSetModuleVolume
                0x0000000002000bf6                mmSetJingleVolume
                0x0000000002000bfa                mmSetModuleTempo
                0x0000000002000bfe                mmSetModulePitch
                0x0000000002000c02                mmSetEffectsVolume
                0x0000000002000c06                mmSelectMode
                0x0000000002000c0a                mmStreamBegin
                0x0000000002000c1e                mmStreamEnd
                0x0000000002000c74                mmEffect
                0x0000000002000c98                mmEffectVolume
                0x0000000002000c9c                mmEffectPanning
                0x0000000002000ca0                mmEffectRate
                0x0000000002000caa                mmEffectScaleRate
                0x0000000002000cb4                mmEffectRelease
                0x0000000002000cba                mmEffectCancel
                0x0000000002000cc0                mmEffectEx
                0x0000000002000cfe                mmEffectCancelAll
                0x0000000002000d02                mmReverbEnable
                0x0000000002000d06                mmReverbDisable
                0x0000000002000d0a                mmReverbConfigure
                0x0000000002000d66                mmReverbStart
                0x0000000002000d6a                mmReverbStop
 .text          0x0000000002000db8      0x120 /opt/devkitpro/libnds/lib/libmm9.a(mm_memory.o)
                0x0000000002000db8                mmLoad
                0x0000000002000e08                mmUnload
                0x0000000002000e60                mmLoadEffect
                0x0000000002000e98                mmUnloadEffect
 .text          0x0000000002000ed8      0x108 /opt/devkitpro/libnds/lib/libmm9.a(mm_main9.o)
                0x0000000002000ed8                mmActive
                0x0000000002000ede                mmSetEventHandler
                0x0000000002000ee4                mmInit
                0x0000000002000f0e                mmInitDefault
                0x0000000002000f58                mmInitDefaultMem
                0x0000000002000f7a                mmSuspendIRQ_t
                0x0000000002000f98                mmRestoreIRQ_t
 .text          0x0000000002000fe0      0x100 /opt/devkitpro/libnds/lib/libmm9.a(mm_soundbank.o)
                0x0000000002000fe0                mmSoundBankInMemory
                0x0000000002000fe8                mmSoundBankInFiles
                0x0000000002000ffa                mmSetCustomSoundBankHandler
                0x0000000002001026                mmsHandleFileOp
 .text          0x00000000020010e0       0x3c /opt/devkitpro/libnds/lib/libmm9.a(mm_flusher.o)
                0x00000000020010e0                mmFlushBank
 .text          0x000000000200111c      0x148 /opt/devkitpro/devkitARM/lib/gcc/arm-none-eabi/9.1.0/libgcc.a(_divsi3.o)
                0x000000000200111c                __aeabi_idiv
                0x000000000200111c                __divsi3
                0x0000000002001244                __aeabi_idivmod
 .text          0x0000000002001264        0x4 /opt/devkitpro/devkitARM/lib/gcc/arm-none-eabi/9.1.0/libgcc.a(_dvmd_tls.o)
                0x0000000002001264                __aeabi_ldiv0
                0x0000000002001264                __aeabi_idiv0
 .text          0x0000000002001268      0x224 /opt/devkitpro/devkitARM/lib/gcc/arm-none-eabi/9.1.0/../../../../arm-none-eabi/lib/libg.a(lib_a-strcmp.o)
                0x0000000002001268                strcmp
 .text          0x000000000200148c      0x114 /opt/devkitpro/devkitARM/lib/gcc/arm-none-eabi/9.1.0/libgcc.a(_udivsi3.o)
                0x000000000200148c                __udivsi3
                0x000000000200148c                __aeabi_uidiv
                0x0000000002001580                __aeabi_uidivmod
 .text          0x00000000020015a0      0x424 /opt/devkitpro/devkitARM/lib/gcc/arm-none-eabi/9.1.0/libgcc.a(_arm_addsubdf3.o)
                0x00000000020015a0                __aeabi_drsub
                0x00000000020015a8                __aeabi_dsub
                0x00000000020015a8                __subdf3
                0x00000000020015ac                __adddf3
                0x00000000020015ac                __aeabi_dadd
                0x00000000020018bc                __aeabi_ui2d
                0x00000000020018bc                __floatunsidf
                0x00000000020018e0                __floatsidf
                0x00000000020018e0                __aeabi_i2d
                0x0000000002001908                __extendsfdf2
                0x0000000002001908                __aeabi_f2d
                0x0000000002001950                __aeabi_ul2d
                0x0000000002001950                __floatundidf
                0x0000000002001964                __floatdidf
                0x0000000002001964                __aeabi_l2d
 .text          0x00000000020019c4      0x49c /opt/devkitpro/devkitARM/lib/gcc/arm-none-eabi/9.1.0/libgcc.a(_arm_muldivdf3.o)
                0x00000000020019c4                __aeabi_dmul
                0x00000000020019c4                __muldf3
                0x0000000002001c54                __aeabi_ddiv
                0x0000000002001c54                __divdf3
 .text          0x0000000002001e60      0x144 /opt/devkitpro/devkitARM/lib/gcc/arm-none-eabi/9.1.0/libgcc.a(_arm_cmpdf2.o)
                0x0000000002001e60                __gtdf2
                0x0000000002001e60                __gedf2
                0x0000000002001e68                __ltdf2
                0x0000000002001e68                __ledf2
                0x0000000002001e70                __cmpdf2
                0x0000000002001e70                __eqdf2
                0x0000000002001e70                __nedf2
                0x0000000002001ef8                __aeabi_cdrcmple
                0x0000000002001f14                __aeabi_cdcmple
                0x0000000002001f14                __aeabi_cdcmpeq
                0x0000000002001f2c                __aeabi_dcmpeq
                0x0000000002001f44                __aeabi_dcmplt
                0x0000000002001f5c                __aeabi_dcmple
                0x0000000002001f74                __aeabi_dcmpge
                0x0000000002001f8c                __aeabi_dcmpgt
 .text          0x0000000002001fa4       0x38 /opt/devkitpro/devkitARM/lib/gcc/arm-none-eabi/9.1.0/libgcc.a(_arm_unorddf2.o)
                0x0000000002001fa4                __aeabi_dcmpun
                0x0000000002001fa4                __unorddf2
 .text          0x0000000002001fdc       0x5c /opt/devkitpro/devkitARM/lib/gcc/arm-none-eabi/9.1.0/libgcc.a(_arm_fixdfsi.o)
                0x0000000002001fdc                __fixdfsi
                0x0000000002001fdc                __aeabi_d2iz
 .text          0x0000000002002038       0x3c /opt/devkitpro/devkitARM/lib/gcc/arm-none-eabi/9.1.0/libgcc.a(_aeabi_uldivmod.o)
                0x0000000002002038                __aeabi_uldivmod
 .text          0x0000000002002074       0x28 /opt/devkitpro/devkitARM/lib/gcc/arm-none-eabi/9.1.0/libgcc.a(_clzdi2.o)
                0x0000000002002074                __clzdi2
 .text          0x000000000200209c       0x48 /opt/devkitpro/devkitARM/lib/gcc/arm-none-eabi/9.1.0/libgcc.a(_clzsi2.o)
                0x000000000200209c                __clzsi2
 *(EXCLUDE_FILE(*.twl* *.vectors* *.itcm*) .stub)
 *(EXCLUDE_FILE(*.twl* *.vectors* *.itcm*) .text.*)
 .text.deregister_tm_clones
                0x00000000020020e4       0x2c /opt/devkitpro/devkitARM/lib/gcc/arm-none-eabi/9.1.0/crtbegin.o
 .text.register_tm_clones
                0x0000000002002110       0x38 /opt/devkitpro/devkitARM/lib/gcc/arm-none-eabi/9.1.0/crtbegin.o
 .text.__do_global_dtors_aux
                0x0000000002002148       0x44 /opt/devkitpro/devkitARM/lib/gcc/arm-none-eabi/9.1.0/crtbegin.o
 .text.frame_dummy
                0x000000000200218c       0x34 /opt/devkitpro/devkitARM/lib/gcc/arm-none-eabi/9.1.0/crtbegin.o
 .text.startup  0x00000000020021c0      0x510 main.o
                0x00000000020021c0                main
 .text.checkIfText.part.0
                0x00000000020026d0       0x40 /opt/devkitpro/libnds/lib/libnds9.a(background.o)
 .text.bgUpdate
                0x0000000002002710      0x104 /opt/devkitpro/libnds/lib/libnds9.a(background.o)
                0x0000000002002710                bgUpdate
 .text.bgInit_call
                0x0000000002002814      0x110 /opt/devkitpro/libnds/lib/libnds9.a(background.o)
                0x0000000002002814                bgInit_call
 .text.bgInitSub_call
                0x0000000002002924       0xf4 /opt/devkitpro/libnds/lib/libnds9.a(background.o)
                0x0000000002002924                bgInitSub_call
 .text.vramDefault
                0x0000000002002a18       0xd0 /opt/devkitpro/libnds/lib/libnds9.a(video.o)
                0x0000000002002a18                vramDefault
 .text.systemValueHandler
                0x0000000002002ae8       0x48 /opt/devkitpro/libnds/lib/libnds9.a(system.o)
                0x0000000002002ae8                systemValueHandler
 .text.systemMsgHandler
                0x0000000002002b30       0x5c /opt/devkitpro/libnds/lib/libnds9.a(system.o)
                0x0000000002002b30                systemMsgHandler
 .text.powerOn  0x0000000002002b8c       0x2c /opt/devkitpro/libnds/lib/libnds9.a(system.o)
                0x0000000002002b8c                powerOn
 .text.newRow   0x0000000002002bb8       0xb4 /opt/devkitpro/libnds/lib/libnds9.a(console.o)
 .text.consolePrintChar
                0x0000000002002c6c       0xec /opt/devkitpro/libnds/lib/libnds9.a(console.o)
                0x0000000002002c6c                consolePrintChar
 .text.consoleCls
                0x0000000002002d58       0xe0 /opt/devkitpro/libnds/lib/libnds9.a(console.o)
 .text.consoleLoadFont
                0x0000000002002e38      0x280 /opt/devkitpro/libnds/lib/libnds9.a(console.o)
                0x0000000002002e38                consoleLoadFont
 .text.consoleInit
                0x00000000020030b8      0x15c /opt/devkitpro/libnds/lib/libnds9.a(console.o)
                0x00000000020030b8                consoleInit
 .text.consoleDemoInit
                0x0000000002003214       0x40 /opt/devkitpro/libnds/lib/libnds9.a(console.o)
                0x0000000002003214                consoleDemoInit
 .text.con_write
                0x0000000002003254      0x27c /opt/devkitpro/libnds/lib/libnds9.a(console.o)
                0x0000000002003254                con_write
 .text.sinLutLookup
                0x00000000020034d0       0x3c /opt/devkitpro/libnds/lib/libnds9.a(trig.o)
                0x00000000020034d0                sinLutLookup
 .text.sinLerp  0x000000000200350c       0x44 /opt/devkitpro/libnds/lib/libnds9.a(trig.o)
                0x000000000200350c                sinLerp
 .text.cosLerp  0x0000000002003550       0x14 /opt/devkitpro/libnds/lib/libnds9.a(trig.o)
                0x0000000002003550                cosLerp
 .text.scanKeys
                0x0000000002003564       0x8c /opt/devkitpro/libnds/lib/libnds9.a(keys.o)
                0x0000000002003564                scanKeys
 .text.keysDown
                0x00000000020035f0       0x14 /opt/devkitpro/libnds/lib/libnds9.a(keys.o)
                0x00000000020035f0                keysDown
 .text.keysUp   0x0000000002003604       0x18 /opt/devkitpro/libnds/lib/libnds9.a(keys.o)
                0x0000000002003604                keysUp
 .text.initSystem
                0x000000000200361c      0x198 /opt/devkitpro/libnds/lib/libnds9.a(initSystem.o)
                0x000000000200361c                initSystem
 .text.__libnds_gtod
                0x00000000020037b4       0x28 /opt/devkitpro/libnds/lib/libnds9.a(timeSupport.o)
                0x00000000020037b4                __libnds_gtod
 .text.irqDummy
                0x00000000020037dc        0x4 /opt/devkitpro/libnds/lib/libnds9.a(interrupts.o)
                0x00000000020037dc                irqDummy
 .text.irqSet   0x00000000020037e0       0x6c /opt/devkitpro/libnds/lib/libnds9.a(interrupts.o)
                0x00000000020037e0                irqSet
 .text.irqInit  0x000000000200384c       0x50 /opt/devkitpro/libnds/lib/libnds9.a(interrupts.o)
                0x000000000200384c                irqInit
 .text.irqEnable
                0x000000000200389c       0x64 /opt/devkitpro/libnds/lib/libnds9.a(interrupts.o)
                0x000000000200389c                irqEnable
 .text.systemErrorExit
                0x0000000002003900        0x4 /opt/devkitpro/libnds/lib/libnds9.a(libnds_exit.arm.o)
                0x0000000002003900                systemErrorExit
 *fill*         0x0000000002003904        0x4 ff
 .text.__libnds_exit
                0x0000000002003908       0x5c /opt/devkitpro/libnds/lib/libnds9.a(libnds_exit.arm.o)
                0x0000000002003908                __libnds_exit
 .text.fifo_waitBlock
                0x0000000002003964       0x80 /opt/devkitpro/libnds/lib/libnds9.a(fifosystem.o)
 .text.fifo_queueBlock
                0x00000000020039e4       0x40 /opt/devkitpro/libnds/lib/libnds9.a(fifosystem.o)
 .text.fifoInternalSendInterrupt
                0x0000000002003a24       0xac /opt/devkitpro/libnds/lib/libnds9.a(fifosystem.o)
 .text.fifoInternalSend.part.2
                0x0000000002003ad0       0xd4 /opt/devkitpro/libnds/lib/libnds9.a(fifosystem.o)
 .text.fifoGetValue32.part.3
                0x0000000002003ba4       0x74 /opt/devkitpro/libnds/lib/libnds9.a(fifosystem.o)
 .text.fifoSetValue32Handler
                0x0000000002003c18       0x78 /opt/devkitpro/libnds/lib/libnds9.a(fifosystem.o)
                0x0000000002003c18                fifoSetValue32Handler
 .text.fifoSendValue32
                0x0000000002003c90       0x4c /opt/devkitpro/libnds/lib/libnds9.a(fifosystem.o)
                0x0000000002003c90                fifoSendValue32
 .text.fifoSendDatamsg
                0x0000000002003cdc       0x90 /opt/devkitpro/libnds/lib/libnds9.a(fifosystem.o)
                0x0000000002003cdc                fifoSendDatamsg
 .text.fifoGetDatamsg
                0x0000000002003d6c      0x138 /opt/devkitpro/libnds/lib/libnds9.a(fifosystem.o)
                0x0000000002003d6c                fifoGetDatamsg
 .text.fifoInternalRecvInterrupt
                0x0000000002003ea4      0x3dc /opt/devkitpro/libnds/lib/libnds9.a(fifosystem.o)
 .text.fifoSetDatamsgHandler
                0x0000000002004280       0x9c /opt/devkitpro/libnds/lib/libnds9.a(fifosystem.o)
                0x0000000002004280                fifoSetDatamsgHandler
 .text.fifoInit
                0x000000000200431c      0x104 /opt/devkitpro/libnds/lib/libnds9.a(fifosystem.o)
                0x000000000200431c                fifoInit
 .text.__libnds_mpu_setup
                0x0000000002004420      0x174 /opt/devkitpro/libnds/lib/libnds9.a(mpu_setup.o)
                0x0000000002004420                __libnds_mpu_setup
 .text.memUncached
                0x0000000002004594       0x20 /opt/devkitpro/libnds/lib/libnds9.a(mpu_setup.o)
                0x0000000002004594                memUncached
 .text.swiWaitForVBlank
                0x00000000020045b4        0x8 /opt/devkitpro/libnds/lib/libnds9.a(IntrWait.o)
                0x00000000020045b4                swiWaitForVBlank
 .text.swiIntrWait
                0x00000000020045bc       0x70 /opt/devkitpro/libnds/lib/libnds9.a(IntrWait.o)
                0x00000000020045bc                swiIntrWait
 .text.setCpuClock
                0x000000000200462c       0x50 /opt/devkitpro/libnds/lib/libnds9.a(cpu_clock.o)
                0x000000000200462c                setCpuClock
 .text.swiSoftReset
                0x000000000200467c       0x2c /opt/devkitpro/libnds/lib/libnds9.a(swiSoftReset.o)
                0x000000000200467c                swiSoftReset
 .text.swiDelay
                0x00000000020046a8        0x4 /opt/devkitpro/libnds/lib/libnds9.a(biosCalls.o)
                0x00000000020046a8                swiDelay
 .text._ZdlPvj  0x00000000020046ac       0x10 /opt/devkitpro/devkitARM/lib/gcc/arm-none-eabi/9.1.0/../../../../arm-none-eabi/lib/libstdc++.a(del_ops.o)
                0x00000000020046ac                operator delete(void*, unsigned int)
 .text._ZdlPv   0x00000000020046bc       0x10 /opt/devkitpro/devkitARM/lib/gcc/arm-none-eabi/9.1.0/../../../../arm-none-eabi/lib/libstdc++.a(del_op.o)
                0x00000000020046bc                operator delete(void*)
 .text._fclose_r
                0x00000000020046cc      0x16c /opt/devkitpro/devkitARM/lib/gcc/arm-none-eabi/9.1.0/../../../../arm-none-eabi/lib/libg.a(lib_a-fclose.o)
                0x00000000020046cc                _fclose_r
 .text.fclose   0x0000000002004838       0x18 /opt/devkitpro/devkitARM/lib/gcc/arm-none-eabi/9.1.0/../../../../arm-none-eabi/lib/libg.a(lib_a-fclose.o)
                0x0000000002004838                fclose
 .text.__sflush_r
                0x0000000002004850      0x2a0 /opt/devkitpro/devkitARM/lib/gcc/arm-none-eabi/9.1.0/../../../../arm-none-eabi/lib/libg.a(lib_a-fflush.o)
                0x0000000002004850                __sflush_r
 .text._fflush_r
                0x0000000002004af0       0x9c /opt/devkitpro/devkitARM/lib/gcc/arm-none-eabi/9.1.0/../../../../arm-none-eabi/lib/libg.a(lib_a-fflush.o)
                0x0000000002004af0                _fflush_r
 .text.fflush   0x0000000002004b8c       0x3c /opt/devkitpro/devkitARM/lib/gcc/arm-none-eabi/9.1.0/../../../../arm-none-eabi/lib/libg.a(lib_a-fflush.o)
                0x0000000002004b8c                fflush
 .text.std      0x0000000002004bc8       0x84 /opt/devkitpro/devkitARM/lib/gcc/arm-none-eabi/9.1.0/../../../../arm-none-eabi/lib/libg.a(lib_a-findfp.o)
 .text._cleanup_r
                0x0000000002004c4c       0x18 /opt/devkitpro/devkitARM/lib/gcc/arm-none-eabi/9.1.0/../../../../arm-none-eabi/lib/libg.a(lib_a-findfp.o)
                0x0000000002004c4c                _cleanup_r
 .text.__sfmoreglue
                0x0000000002004c64       0x4c /opt/devkitpro/devkitARM/lib/gcc/arm-none-eabi/9.1.0/../../../../arm-none-eabi/lib/libg.a(lib_a-findfp.o)
                0x0000000002004c64                __sfmoreglue
 .text.__sinit  0x0000000002004cb0       0x94 /opt/devkitpro/devkitARM/lib/gcc/arm-none-eabi/9.1.0/../../../../arm-none-eabi/lib/libg.a(lib_a-findfp.o)
                0x0000000002004cb0                __sinit
 .text.__sfp    0x0000000002004d44      0x114 /opt/devkitpro/devkitARM/lib/gcc/arm-none-eabi/9.1.0/../../../../arm-none-eabi/lib/libg.a(lib_a-findfp.o)
                0x0000000002004d44                __sfp
 .text.__sfp_lock_acquire
                0x0000000002004e58       0x18 /opt/devkitpro/devkitARM/lib/gcc/arm-none-eabi/9.1.0/../../../../arm-none-eabi/lib/libg.a(lib_a-findfp.o)
                0x0000000002004e58                __sfp_lock_acquire
 .text.__sfp_lock_release
                0x0000000002004e70       0x18 /opt/devkitpro/devkitARM/lib/gcc/arm-none-eabi/9.1.0/../../../../arm-none-eabi/lib/libg.a(lib_a-findfp.o)
                0x0000000002004e70                __sfp_lock_release
 .text._fopen_r
                0x0000000002004e88      0x148 /opt/devkitpro/devkitARM/lib/gcc/arm-none-eabi/9.1.0/../../../../arm-none-eabi/lib/libg.a(lib_a-fopen.o)
                0x0000000002004e88                _fopen_r
 .text.fopen    0x0000000002004fd0       0x20 /opt/devkitpro/devkitARM/lib/gcc/arm-none-eabi/9.1.0/../../../../arm-none-eabi/lib/libg.a(lib_a-fopen.o)
                0x0000000002004fd0                fopen
 .text._fread_r
                0x0000000002004ff0      0x2e8 /opt/devkitpro/devkitARM/lib/gcc/arm-none-eabi/9.1.0/../../../../arm-none-eabi/lib/libg.a(lib_a-fread.o)
                0x0000000002004ff0                _fread_r
 .text.fread    0x00000000020052d8       0x3c /opt/devkitpro/devkitARM/lib/gcc/arm-none-eabi/9.1.0/../../../../arm-none-eabi/lib/libg.a(lib_a-fread.o)
                0x00000000020052d8                fread
 .text._malloc_trim_r
                0x0000000002005314      0x100 /opt/devkitpro/devkitARM/lib/gcc/arm-none-eabi/9.1.0/../../../../arm-none-eabi/lib/libg.a(lib_a-freer.o)
                0x0000000002005314                _malloc_trim_r
 .text._free_r  0x0000000002005414      0x2e0 /opt/devkitpro/devkitARM/lib/gcc/arm-none-eabi/9.1.0/../../../../arm-none-eabi/lib/libg.a(lib_a-freer.o)
                0x0000000002005414                _free_r
 .text._fseek_r
                0x00000000020056f4       0x24 /opt/devkitpro/devkitARM/lib/gcc/arm-none-eabi/9.1.0/../../../../arm-none-eabi/lib/libg.a(lib_a-fseek.o)
                0x00000000020056f4                _fseek_r
 .text.fseek    0x0000000002005718       0x38 /opt/devkitpro/devkitARM/lib/gcc/arm-none-eabi/9.1.0/../../../../arm-none-eabi/lib/libg.a(lib_a-fseek.o)
                0x0000000002005718                fseek
 .text._fseeko_r
                0x0000000002005750      0x5e4 /opt/devkitpro/devkitARM/lib/gcc/arm-none-eabi/9.1.0/../../../../arm-none-eabi/lib/libg.a(lib_a-fseeko.o)
                0x0000000002005750                _fseeko_r
 .text._fwalk   0x0000000002005d34       0x70 /opt/devkitpro/devkitARM/lib/gcc/arm-none-eabi/9.1.0/../../../../arm-none-eabi/lib/libg.a(lib_a-fwalk.o)
                0x0000000002005d34                _fwalk
 .text._fwalk_reent
                0x0000000002005da4       0x78 /opt/devkitpro/devkitARM/lib/gcc/arm-none-eabi/9.1.0/../../../../arm-none-eabi/lib/libg.a(lib_a-fwalk.o)
                0x0000000002005da4                _fwalk_reent
 .text.__libc_init_array
                0x0000000002005e1c       0x88 /opt/devkitpro/devkitARM/lib/gcc/arm-none-eabi/9.1.0/../../../../arm-none-eabi/lib/libg.a(lib_a-init.o)
                0x0000000002005e1c                __libc_init_array
 .text.__swhatbuf_r
                0x0000000002005ea4       0xa0 /opt/devkitpro/devkitARM/lib/gcc/arm-none-eabi/9.1.0/../../../../arm-none-eabi/lib/libg.a(lib_a-makebuf.o)
                0x0000000002005ea4                __swhatbuf_r
 .text.__smakebuf_r
                0x0000000002005f44      0x100 /opt/devkitpro/devkitARM/lib/gcc/arm-none-eabi/9.1.0/../../../../arm-none-eabi/lib/libg.a(lib_a-makebuf.o)
                0x0000000002005f44                __smakebuf_r
 .text.malloc   0x0000000002006044       0x1c /opt/devkitpro/devkitARM/lib/gcc/arm-none-eabi/9.1.0/../../../../arm-none-eabi/lib/libg.a(lib_a-malloc.o)
                0x0000000002006044                malloc
 .text.free     0x0000000002006060       0x1c /opt/devkitpro/devkitARM/lib/gcc/arm-none-eabi/9.1.0/../../../../arm-none-eabi/lib/libg.a(lib_a-malloc.o)
                0x0000000002006060                free
 .text._malloc_r
                0x000000000200607c      0x7cc /opt/devkitpro/devkitARM/lib/gcc/arm-none-eabi/9.1.0/../../../../arm-none-eabi/lib/libg.a(lib_a-mallocr.o)
                0x000000000200607c                _malloc_r
 .text.memcpy   0x0000000002006848      0x124 /opt/devkitpro/devkitARM/lib/gcc/arm-none-eabi/9.1.0/../../../../arm-none-eabi/lib/libg.a(lib_a-memcpy-stub.o)
                0x0000000002006848                memcpy
 .text.memset   0x000000000200696c      0x11c /opt/devkitpro/devkitARM/lib/gcc/arm-none-eabi/9.1.0/../../../../arm-none-eabi/lib/libg.a(lib_a-memset.o)
                0x000000000200696c                memset
 .text.__malloc_lock
                0x0000000002006a88       0x18 /opt/devkitpro/devkitARM/lib/gcc/arm-none-eabi/9.1.0/../../../../arm-none-eabi/lib/libg.a(lib_a-mlock.o)
                0x0000000002006a88                __malloc_lock
 .text.__malloc_unlock
                0x0000000002006aa0       0x18 /opt/devkitpro/devkitARM/lib/gcc/arm-none-eabi/9.1.0/../../../../arm-none-eabi/lib/libg.a(lib_a-mlock.o)
                0x0000000002006aa0                __malloc_unlock
 .text.printf   0x0000000002006ab8       0x34 /opt/devkitpro/devkitARM/lib/gcc/arm-none-eabi/9.1.0/../../../../arm-none-eabi/lib/libg.a(lib_a-printf.o)
                0x0000000002006ab8                printf
 .text._puts_r  0x0000000002006aec       0xe8 /opt/devkitpro/devkitARM/lib/gcc/arm-none-eabi/9.1.0/../../../../arm-none-eabi/lib/libg.a(lib_a-puts.o)
                0x0000000002006aec                _puts_r
 .text.puts     0x0000000002006bd4       0x18 /opt/devkitpro/devkitARM/lib/gcc/arm-none-eabi/9.1.0/../../../../arm-none-eabi/lib/libg.a(lib_a-puts.o)
                0x0000000002006bd4                puts
 .text.realloc  0x0000000002006bec       0x24 /opt/devkitpro/devkitARM/lib/gcc/arm-none-eabi/9.1.0/../../../../arm-none-eabi/lib/libg.a(lib_a-realloc.o)
                0x0000000002006bec                realloc
 .text._realloc_r
                0x0000000002006c10      0x4dc /opt/devkitpro/devkitARM/lib/gcc/arm-none-eabi/9.1.0/../../../../arm-none-eabi/lib/libg.a(lib_a-reallocr.o)
                0x0000000002006c10                _realloc_r
 .text.lflush   0x00000000020070ec       0x28 /opt/devkitpro/devkitARM/lib/gcc/arm-none-eabi/9.1.0/../../../../arm-none-eabi/lib/libg.a(lib_a-refill.o)
 .text.__srefill_r
                0x0000000002007114      0x1bc /opt/devkitpro/devkitARM/lib/gcc/arm-none-eabi/9.1.0/../../../../arm-none-eabi/lib/libg.a(lib_a-refill.o)
                0x0000000002007114                __srefill_r
 .text.setvbuf  0x00000000020072d0      0x268 /opt/devkitpro/devkitARM/lib/gcc/arm-none-eabi/9.1.0/../../../../arm-none-eabi/lib/libg.a(lib_a-setvbuf.o)
                0x00000000020072d0                setvbuf
 .text.siscanf  0x0000000002007538       0x74 /opt/devkitpro/devkitARM/lib/gcc/arm-none-eabi/9.1.0/../../../../arm-none-eabi/lib/libg.a(lib_a-siscanf.o)
                0x0000000002007538                siscanf
 .text.__sread  0x00000000020075ac       0x4c /opt/devkitpro/devkitARM/lib/gcc/arm-none-eabi/9.1.0/../../../../arm-none-eabi/lib/libg.a(lib_a-stdio.o)
                0x00000000020075ac                __sread
 .text.__seofread
                0x00000000020075f8        0x8 /opt/devkitpro/devkitARM/lib/gcc/arm-none-eabi/9.1.0/../../../../arm-none-eabi/lib/libg.a(lib_a-stdio.o)
                0x00000000020075f8                __seofread
 .text.__swrite
                0x0000000002007600       0x6c /opt/devkitpro/devkitARM/lib/gcc/arm-none-eabi/9.1.0/../../../../arm-none-eabi/lib/libg.a(lib_a-stdio.o)
                0x0000000002007600                __swrite
 .text.__sseek  0x000000000200766c       0x68 /opt/devkitpro/devkitARM/lib/gcc/arm-none-eabi/9.1.0/../../../../arm-none-eabi/lib/libg.a(lib_a-stdio.o)
                0x000000000200766c                __sseek
 .text.__sclose
                0x00000000020076d4       0x14 /opt/devkitpro/devkitARM/lib/gcc/arm-none-eabi/9.1.0/../../../../arm-none-eabi/lib/libg.a(lib_a-stdio.o)
                0x00000000020076d4                __sclose
 .text.strlen   0x00000000020076e8       0x60 /opt/devkitpro/devkitARM/lib/gcc/arm-none-eabi/9.1.0/../../../../arm-none-eabi/lib/libg.a(lib_a-strlen-stub.o)
                0x00000000020076e8                strlen
 .text.get_arg  0x0000000002007748       0x4c /opt/devkitpro/devkitARM/lib/gcc/arm-none-eabi/9.1.0/../../../../arm-none-eabi/lib/libg.a(lib_a-svfiscanf.o)
 .text._sungetc_r
                0x0000000002007794       0xe4 /opt/devkitpro/devkitARM/lib/gcc/arm-none-eabi/9.1.0/../../../../arm-none-eabi/lib/libg.a(lib_a-svfiscanf.o)
                0x0000000002007794                _sungetc_r
 .text.__ssrefill_r
                0x0000000002007878       0x68 /opt/devkitpro/devkitARM/lib/gcc/arm-none-eabi/9.1.0/../../../../arm-none-eabi/lib/libg.a(lib_a-svfiscanf.o)
                0x0000000002007878                __ssrefill_r
 .text._sfread_r
                0x00000000020078e0       0xcc /opt/devkitpro/devkitARM/lib/gcc/arm-none-eabi/9.1.0/../../../../arm-none-eabi/lib/libg.a(lib_a-svfiscanf.o)
                0x00000000020078e0                _sfread_r
 .text.__ssvfiscanf_r
                0x00000000020079ac     0x22e4 /opt/devkitpro/devkitARM/lib/gcc/arm-none-eabi/9.1.0/../../../../arm-none-eabi/lib/libg.a(lib_a-svfiscanf.o)
                0x00000000020079ac                __ssvfiscanf_r
 .text.__submore
                0x0000000002009c90       0xb0 /opt/devkitpro/devkitARM/lib/gcc/arm-none-eabi/9.1.0/../../../../arm-none-eabi/lib/libg.a(lib_a-ungetc.o)
                0x0000000002009c90                __submore
 .text.__sprint_r
                0x0000000002009d40       0x34 /opt/devkitpro/devkitARM/lib/gcc/arm-none-eabi/9.1.0/../../../../arm-none-eabi/lib/libg.a(lib_a-vfiprintf.o)
                0x0000000002009d40                __sprint_r
 .text.get_arg  0x0000000002009d74      0x650 /opt/devkitpro/devkitARM/lib/gcc/arm-none-eabi/9.1.0/../../../../arm-none-eabi/lib/libg.a(lib_a-vfprintf.o)
 .text._vfprintf_r
                0x000000000200a3c4     0x396c /opt/devkitpro/devkitARM/lib/gcc/arm-none-eabi/9.1.0/../../../../arm-none-eabi/lib/libg.a(lib_a-vfprintf.o)
                0x000000000200a3c4                _vfprintf_r
 .text.__sbprintf
                0x000000000200dd30       0xd4 /opt/devkitpro/devkitARM/lib/gcc/arm-none-eabi/9.1.0/../../../../arm-none-eabi/lib/libg.a(lib_a-vfprintf.o)
 .text._wcrtomb_r
                0x000000000200de04       0x5c /opt/devkitpro/devkitARM/lib/gcc/arm-none-eabi/9.1.0/../../../../arm-none-eabi/lib/libg.a(lib_a-wcrtomb.o)
                0x000000000200de04                _wcrtomb_r
 .text._wcsrtombs_r
                0x000000000200de60       0x24 /opt/devkitpro/devkitARM/lib/gcc/arm-none-eabi/9.1.0/../../../../arm-none-eabi/lib/libg.a(lib_a-wcsrtombs.o)
                0x000000000200de60                _wcsrtombs_r
 .text.__swsetup_r
                0x000000000200de84      0x160 /opt/devkitpro/devkitARM/lib/gcc/arm-none-eabi/9.1.0/../../../../arm-none-eabi/lib/libg.a(lib_a-wsetup.o)
                0x000000000200de84                __swsetup_r
 .text.quorem   0x000000000200dfe4      0x1c0 /opt/devkitpro/devkitARM/lib/gcc/arm-none-eabi/9.1.0/../../../../arm-none-eabi/lib/libg.a(lib_a-dtoa.o)
 *fill*         0x000000000200e1a4        0x4 ff
 .text._dtoa_r  0x000000000200e1a8     0x167c /opt/devkitpro/devkitARM/lib/gcc/arm-none-eabi/9.1.0/../../../../arm-none-eabi/lib/libg.a(lib_a-dtoa.o)
                0x000000000200e1a8                _dtoa_r
 .text.__sflags
                0x000000000200f824       0xd0 /opt/devkitpro/devkitARM/lib/gcc/arm-none-eabi/9.1.0/../../../../arm-none-eabi/lib/libg.a(lib_a-flags.o)
                0x000000000200f824                __sflags
 .text.__sfvwrite_r
                0x000000000200f8f4      0x4cc /opt/devkitpro/devkitARM/lib/gcc/arm-none-eabi/9.1.0/../../../../arm-none-eabi/lib/libg.a(lib_a-fvwrite.o)
                0x000000000200f8f4                __sfvwrite_r
 .text.iswspace
                0x000000000200fdc0       0x14 /opt/devkitpro/devkitARM/lib/gcc/arm-none-eabi/9.1.0/../../../../arm-none-eabi/lib/libg.a(lib_a-iswspace.o)
                0x000000000200fdc0                iswspace
 .text._localeconv_r
                0x000000000200fdd4        0xc /opt/devkitpro/devkitARM/lib/gcc/arm-none-eabi/9.1.0/../../../../arm-none-eabi/lib/libg.a(lib_a-localeconv.o)
                0x000000000200fdd4                _localeconv_r
 .text.__locale_mb_cur_max
                0x000000000200fde0       0x10 /opt/devkitpro/devkitARM/lib/gcc/arm-none-eabi/9.1.0/../../../../arm-none-eabi/lib/libg.a(lib_a-locale.o)
                0x000000000200fde0                __locale_mb_cur_max
 .text._mbrtowc_r
                0x000000000200fdf0       0x68 /opt/devkitpro/devkitARM/lib/gcc/arm-none-eabi/9.1.0/../../../../arm-none-eabi/lib/libg.a(lib_a-mbrtowc.o)
                0x000000000200fdf0                _mbrtowc_r
 .text.__utf8_mbtowc
                0x000000000200fe58      0x308 /opt/devkitpro/devkitARM/lib/gcc/arm-none-eabi/9.1.0/../../../../arm-none-eabi/lib/libg.a(lib_a-mbtowc_r.o)
                0x000000000200fe58                __utf8_mbtowc
 .text.memchr   0x0000000002010160       0xf8 /opt/devkitpro/devkitARM/lib/gcc/arm-none-eabi/9.1.0/../../../../arm-none-eabi/lib/libg.a(lib_a-memchr-stub.o)
                0x0000000002010160                memchr
 .text.memmove  0x0000000002010258      0x158 /opt/devkitpro/devkitARM/lib/gcc/arm-none-eabi/9.1.0/../../../../arm-none-eabi/lib/libg.a(lib_a-memmove.o)
                0x0000000002010258                memmove
 .text._Balloc  0x00000000020103b0       0x8c /opt/devkitpro/devkitARM/lib/gcc/arm-none-eabi/9.1.0/../../../../arm-none-eabi/lib/libg.a(lib_a-mprec.o)
                0x00000000020103b0                _Balloc
 .text._Bfree   0x000000000201043c       0x1c /opt/devkitpro/devkitARM/lib/gcc/arm-none-eabi/9.1.0/../../../../arm-none-eabi/lib/libg.a(lib_a-mprec.o)
                0x000000000201043c                _Bfree
 .text.__multadd
                0x0000000002010458       0xd0 /opt/devkitpro/devkitARM/lib/gcc/arm-none-eabi/9.1.0/../../../../arm-none-eabi/lib/libg.a(lib_a-mprec.o)
                0x0000000002010458                __multadd
 .text.__hi0bits
                0x0000000002010528       0x58 /opt/devkitpro/devkitARM/lib/gcc/arm-none-eabi/9.1.0/../../../../arm-none-eabi/lib/libg.a(lib_a-mprec.o)
                0x0000000002010528                __hi0bits
 .text.__lo0bits
                0x0000000002010580       0xa0 /opt/devkitpro/devkitARM/lib/gcc/arm-none-eabi/9.1.0/../../../../arm-none-eabi/lib/libg.a(lib_a-mprec.o)
                0x0000000002010580                __lo0bits
 .text.__i2b    0x0000000002010620       0x24 /opt/devkitpro/devkitARM/lib/gcc/arm-none-eabi/9.1.0/../../../../arm-none-eabi/lib/libg.a(lib_a-mprec.o)
                0x0000000002010620                __i2b
 .text.__multiply
                0x0000000002010644      0x1f0 /opt/devkitpro/devkitARM/lib/gcc/arm-none-eabi/9.1.0/../../../../arm-none-eabi/lib/libg.a(lib_a-mprec.o)
                0x0000000002010644                __multiply
 .text.__pow5mult
                0x0000000002010834      0x104 /opt/devkitpro/devkitARM/lib/gcc/arm-none-eabi/9.1.0/../../../../arm-none-eabi/lib/libg.a(lib_a-mprec.o)
                0x0000000002010834                __pow5mult
 .text.__lshift
                0x0000000002010938      0x118 /opt/devkitpro/devkitARM/lib/gcc/arm-none-eabi/9.1.0/../../../../arm-none-eabi/lib/libg.a(lib_a-mprec.o)
                0x0000000002010938                __lshift
 .text.__mcmp   0x0000000002010a50       0x60 /opt/devkitpro/devkitARM/lib/gcc/arm-none-eabi/9.1.0/../../../../arm-none-eabi/lib/libg.a(lib_a-mprec.o)
                0x0000000002010a50                __mcmp
 .text.__mdiff  0x0000000002010ab0      0x1c4 /opt/devkitpro/devkitARM/lib/gcc/arm-none-eabi/9.1.0/../../../../arm-none-eabi/lib/libg.a(lib_a-mprec.o)
                0x0000000002010ab0                __mdiff
 .text.__d2b    0x0000000002010c74      0x118 /opt/devkitpro/devkitARM/lib/gcc/arm-none-eabi/9.1.0/../../../../arm-none-eabi/lib/libg.a(lib_a-mprec.o)
                0x0000000002010c74                __d2b
 .text.__sccl   0x0000000002010d8c       0xe8 /opt/devkitpro/devkitARM/lib/gcc/arm-none-eabi/9.1.0/../../../../arm-none-eabi/lib/libg.a(lib_a-sccl.o)
                0x0000000002010d8c                __sccl
 .text.frexp    0x0000000002010e74       0xa4 /opt/devkitpro/devkitARM/lib/gcc/arm-none-eabi/9.1.0/../../../../arm-none-eabi/lib/libg.a(lib_a-s_frexp.o)
                0x0000000002010e74                frexp
 .text.strchr   0x0000000002010f18      0x150 /opt/devkitpro/devkitARM/lib/gcc/arm-none-eabi/9.1.0/../../../../arm-none-eabi/lib/libg.a(lib_a-strchr.o)
                0x0000000002010f18                strchr
 .text.strncmp  0x0000000002011068       0xf4 /opt/devkitpro/devkitARM/lib/gcc/arm-none-eabi/9.1.0/../../../../arm-none-eabi/lib/libg.a(lib_a-strncmp.o)
                0x0000000002011068                strncmp
 .text.strncpy  0x000000000201115c       0xcc /opt/devkitpro/devkitARM/lib/gcc/arm-none-eabi/9.1.0/../../../../arm-none-eabi/lib/libg.a(lib_a-strncpy.o)
                0x000000000201115c                strncpy
 .text._strtoll_l.isra.0
                0x0000000002011228      0x268 /opt/devkitpro/devkitARM/lib/gcc/arm-none-eabi/9.1.0/../../../../arm-none-eabi/lib/libg.a(lib_a-strtoll.o)
 .text._strtoll_r
                0x0000000002011490        0x4 /opt/devkitpro/devkitARM/lib/gcc/arm-none-eabi/9.1.0/../../../../arm-none-eabi/lib/libg.a(lib_a-strtoll.o)
                0x0000000002011490                _strtoll_r
 .text._strtol_l.isra.0
                0x0000000002011494      0x1b8 /opt/devkitpro/devkitARM/lib/gcc/arm-none-eabi/9.1.0/../../../../arm-none-eabi/lib/libg.a(lib_a-strtol.o)
 .text._strtol_r
                0x000000000201164c        0x4 /opt/devkitpro/devkitARM/lib/gcc/arm-none-eabi/9.1.0/../../../../arm-none-eabi/lib/libg.a(lib_a-strtol.o)
                0x000000000201164c                _strtol_r
 .text._strtoull_l.isra.0
                0x0000000002011650      0x274 /opt/devkitpro/devkitARM/lib/gcc/arm-none-eabi/9.1.0/../../../../arm-none-eabi/lib/libg.a(lib_a-strtoull.o)
 .text._strtoull_r
                0x00000000020118c4        0x4 /opt/devkitpro/devkitARM/lib/gcc/arm-none-eabi/9.1.0/../../../../arm-none-eabi/lib/libg.a(lib_a-strtoull.o)
                0x00000000020118c4                _strtoull_r
 .text._strtoul_l.isra.0
                0x00000000020118c8      0x1c8 /opt/devkitpro/devkitARM/lib/gcc/arm-none-eabi/9.1.0/../../../../arm-none-eabi/lib/libg.a(lib_a-strtoul.o)
 .text._strtoul_r
                0x0000000002011a90        0x4 /opt/devkitpro/devkitARM/lib/gcc/arm-none-eabi/9.1.0/../../../../arm-none-eabi/lib/libg.a(lib_a-strtoul.o)
                0x0000000002011a90                _strtoul_r
 .text._wcsnrtombs_l
                0x0000000002011a94      0x1a0 /opt/devkitpro/devkitARM/lib/gcc/arm-none-eabi/9.1.0/../../../../arm-none-eabi/lib/libg.a(lib_a-wcsnrtombs.o)
                0x0000000002011a94                _wcsnrtombs_l
 .text._wcsnrtombs_r
                0x0000000002011c34       0x4c /opt/devkitpro/devkitARM/lib/gcc/arm-none-eabi/9.1.0/../../../../arm-none-eabi/lib/libg.a(lib_a-wcsnrtombs.o)
                0x0000000002011c34                _wcsnrtombs_r
 .text.__utf8_wctomb
                0x0000000002011c80       0xf4 /opt/devkitpro/devkitARM/lib/gcc/arm-none-eabi/9.1.0/../../../../arm-none-eabi/lib/libg.a(lib_a-wctomb_r.o)
                0x0000000002011c80                __utf8_wctomb
 .text._calloc_r
                0x0000000002011d74       0x9c /opt/devkitpro/devkitARM/lib/gcc/arm-none-eabi/9.1.0/../../../../arm-none-eabi/lib/libg.a(lib_a-callocr.o)
                0x0000000002011d74                _calloc_r
 .text.iswspace_l
                0x0000000002011e10       0x44 /opt/devkitpro/devkitARM/lib/gcc/arm-none-eabi/9.1.0/../../../../arm-none-eabi/lib/libg.a(lib_a-iswspace_l.o)
                0x0000000002011e10                iswspace_l
 .text.__jp2uc  0x0000000002011e54      0x1f0 /opt/devkitpro/devkitARM/lib/gcc/arm-none-eabi/9.1.0/../../../../arm-none-eabi/lib/libg.a(lib_a-jp2uc.o)
 .text._jp2uc_l
                0x0000000002012044       0x90 /opt/devkitpro/devkitARM/lib/gcc/arm-none-eabi/9.1.0/../../../../arm-none-eabi/lib/libg.a(lib_a-jp2uc.o)
                0x0000000002012044                _jp2uc_l
 .text.category
                0x00000000020120d4       0x90 /opt/devkitpro/devkitARM/lib/gcc/arm-none-eabi/9.1.0/../../../../arm-none-eabi/lib/libg.a(lib_a-categories.o)
                0x00000000020120d4                category
 .text.null_write
                0x0000000002012164        0x8 /opt/devkitpro/devkitARM/lib/gcc/arm-none-eabi/9.1.0/../../../../arm-none-eabi/lib/libsysbase.a(iosupport.o)
 .text.FindDevice
                0x000000000201216c       0xd4 /opt/devkitpro/devkitARM/lib/gcc/arm-none-eabi/9.1.0/../../../../arm-none-eabi/lib/libsysbase.a(iosupport.o)
                0x000000000201216c                FindDevice
 .text._fstat_r
                0x0000000002012240       0x7c /opt/devkitpro/devkitARM/lib/gcc/arm-none-eabi/9.1.0/../../../../arm-none-eabi/lib/libsysbase.a(fstat.o)
                0x0000000002012240                _fstat_r
 .text._isatty_r
                0x00000000020122bc        0x8 /opt/devkitpro/devkitARM/lib/gcc/arm-none-eabi/9.1.0/../../../../arm-none-eabi/lib/libsysbase.a(isatty.o)
                0x00000000020122bc                _isatty_r
 .text._lseek_r
                0x00000000020122c4       0x88 /opt/devkitpro/devkitARM/lib/gcc/arm-none-eabi/9.1.0/../../../../arm-none-eabi/lib/libsysbase.a(lseek.o)
                0x00000000020122c4                _lseek_r
 .text._open_r  0x000000000201234c       0xcc /opt/devkitpro/devkitARM/lib/gcc/arm-none-eabi/9.1.0/../../../../arm-none-eabi/lib/libsysbase.a(open.o)
                0x000000000201234c                _open_r
 .text._read_r  0x0000000002012418       0x84 /opt/devkitpro/devkitARM/lib/gcc/arm-none-eabi/9.1.0/../../../../arm-none-eabi/lib/libsysbase.a(read.o)
                0x0000000002012418                _read_r
 .text._sbrk_r  0x000000000201249c       0x74 /opt/devkitpro/devkitARM/lib/gcc/arm-none-eabi/9.1.0/../../../../arm-none-eabi/lib/libsysbase.a(sbrk.o)
                0x000000000201249c                _sbrk_r
 .text._write_r
                0x0000000002012510       0x84 /opt/devkitpro/devkitARM/lib/gcc/arm-none-eabi/9.1.0/../../../../arm-none-eabi/lib/libsysbase.a(write.o)
                0x0000000002012510                _write_r
 .text.build_argv
                0x0000000002012594       0x80 /opt/devkitpro/devkitARM/lib/gcc/arm-none-eabi/9.1.0/../../../../arm-none-eabi/lib/libsysbase.a(build_argv.o)
                0x0000000002012594                build_argv
 .text.__flockfile
                0x0000000002012614       0x14 /opt/devkitpro/devkitARM/lib/gcc/arm-none-eabi/9.1.0/../../../../arm-none-eabi/lib/libsysbase.a(flock.o)
                0x0000000002012614                __flockfile
 .text.__funlockfile
                0x0000000002012628       0x14 /opt/devkitpro/devkitARM/lib/gcc/arm-none-eabi/9.1.0/../../../../arm-none-eabi/lib/libsysbase.a(flock.o)
                0x0000000002012628                __funlockfile
 .text.__libc_lock_acquire
                0x000000000201263c       0x18 /opt/devkitpro/devkitARM/lib/gcc/arm-none-eabi/9.1.0/../../../../arm-none-eabi/lib/libsysbase.a(syscall_support.o)
                0x000000000201263c                __libc_lock_acquire
 .text.__libc_lock_release
                0x0000000002012654       0x18 /opt/devkitpro/devkitARM/lib/gcc/arm-none-eabi/9.1.0/../../../../arm-none-eabi/lib/libsysbase.a(syscall_support.o)
                0x0000000002012654                __libc_lock_release
 .text.__libc_lock_init_recursive
                0x000000000201266c       0x18 /opt/devkitpro/devkitARM/lib/gcc/arm-none-eabi/9.1.0/../../../../arm-none-eabi/lib/libsysbase.a(syscall_support.o)
                0x000000000201266c                __libc_lock_init_recursive
 .text.__libc_lock_acquire_recursive
                0x0000000002012684       0x18 /opt/devkitpro/devkitARM/lib/gcc/arm-none-eabi/9.1.0/../../../../arm-none-eabi/lib/libsysbase.a(syscall_support.o)
                0x0000000002012684                __libc_lock_acquire_recursive
 .text.__libc_lock_release_recursive
                0x000000000201269c       0x18 /opt/devkitpro/devkitARM/lib/gcc/arm-none-eabi/9.1.0/../../../../arm-none-eabi/lib/libsysbase.a(syscall_support.o)
                0x000000000201269c                __libc_lock_release_recursive
 .text.__libc_lock_close_recursive
                0x00000000020126b4       0x18 /opt/devkitpro/devkitARM/lib/gcc/arm-none-eabi/9.1.0/../../../../arm-none-eabi/lib/libsysbase.a(syscall_support.o)
                0x00000000020126b4                __libc_lock_close_recursive
 .text.__release_handle
                0x00000000020126cc       0x90 /opt/devkitpro/devkitARM/lib/gcc/arm-none-eabi/9.1.0/../../../../arm-none-eabi/lib/libsysbase.a(handle_manager.o)
                0x00000000020126cc                __release_handle
 .text.__alloc_handle
                0x000000000201275c       0xb8 /opt/devkitpro/devkitARM/lib/gcc/arm-none-eabi/9.1.0/../../../../arm-none-eabi/lib/libsysbase.a(handle_manager.o)
                0x000000000201275c                __alloc_handle
 .text.__get_handle
                0x0000000002012814       0x40 /opt/devkitpro/devkitARM/lib/gcc/arm-none-eabi/9.1.0/../../../../arm-none-eabi/lib/libsysbase.a(handle_manager.o)
                0x0000000002012814                __get_handle
 .text._close_r
                0x0000000002012854      0x104 /opt/devkitpro/devkitARM/lib/gcc/arm-none-eabi/9.1.0/../../../../arm-none-eabi/lib/libsysbase.a(handle_manager.o)
                0x0000000002012854                _close_r
 .text.__getreent
                0x0000000002012958       0x24 /opt/devkitpro/devkitARM/lib/gcc/arm-none-eabi/9.1.0/../../../../arm-none-eabi/lib/libsysbase.a(getreent.o)
                0x0000000002012958                __getreent
 .text.__udivmoddi4
                0x000000000201297c      0x130 /opt/devkitpro/devkitARM/lib/gcc/arm-none-eabi/9.1.0/libgcc.a(_udivmoddi4.o)
                0x000000000201297c                __udivmoddi4
 .text.__errno  0x0000000002012aac       0x10 /opt/devkitpro/devkitARM/lib/gcc/arm-none-eabi/9.1.0/../../../../arm-none-eabi/lib/libg.a(lib_a-errno.o)
                0x0000000002012aac                __errno
 *fill*         0x0000000002012abc        0x4 ff
 .text.__errno.__stub
                0x0000000002012ac0       0xb8 linker stubs
 *(EXCLUDE_FILE(*.twl*) .gnu.warning)
 *(EXCLUDE_FILE(*.twl*) .gnu.linkonce.t*)
 *(.glue_7)
 .glue_7        0x0000000002012b98        0x0 linker stubs
 *(.glue_7t)
 .glue_7t       0x0000000002012b98        0x0 linker stubs
                0x0000000002012b98                . = ALIGN (0x4)

.vfp11_veneer   0x0000000002012b98        0x0
 .vfp11_veneer  0x0000000002012b98        0x0 linker stubs

.v4_bx          0x0000000002012b98        0x0
 .v4_bx         0x0000000002012b98        0x0 linker stubs

.iplt           0x0000000002012b98        0x0
 .iplt          0x0000000002012b98        0x0 /opt/devkitpro/devkitARM/lib/gcc/arm-none-eabi/9.1.0/../../../../arm-none-eabi/lib/ds_arm9_crt0.o

.fini           0x0000000002012b98       0x18
 *(.fini)
 .fini          0x0000000002012b98        0xc /opt/devkitpro/devkitARM/lib/gcc/arm-none-eabi/9.1.0/crti.o
                0x0000000002012b98                _fini
 .fini          0x0000000002012ba4        0xc /opt/devkitpro/devkitARM/lib/gcc/arm-none-eabi/9.1.0/crtn.o
                0x0000000002012bb0                __text_end = .

.rodata         0x0000000002012bb0     0xae2c
 *(EXCLUDE_FILE(*.twl*) .rodata)
 .rodata        0x0000000002012bb0     0x1f78 soundbank.bin.o
                0x0000000002012bb0                soundbank_bin
                0x0000000002014b24                soundbank_bin_end
                0x0000000002014b24                soundbank_bin_size
 .rodata        0x0000000002014b28     0x2004 /opt/devkitpro/libnds/lib/libnds9.a(default_font.bin.o)
                0x0000000002014b28                default_font_bin
                0x0000000002016b28                default_font_bin_end
                0x0000000002016b28                default_font_bin_size
 *all.rodata*(*)
 *(EXCLUDE_FILE(*.twl*) .roda)
 *(EXCLUDE_FILE(*.twl*) .rodata.*)
 .rodata.str1.4
                0x0000000002016b2c      0x16a main.o
                                        0x16e (size before relaxing)
 *fill*         0x0000000002016c96        0x2 ff
 .rodata.con_write
                0x0000000002016c98       0xd4 /opt/devkitpro/libnds/lib/libnds9.a(console.o)
 .rodata.con_write.str1.4
                0x0000000002016d6c       0x30 /opt/devkitpro/libnds/lib/libnds9.a(console.o)
 .rodata.dotab_stdout
                0x0000000002016d9c       0x70 /opt/devkitpro/libnds/lib/libnds9.a(console.o)
 .rodata.str1.4
                0x0000000002016e0c       0x14 /opt/devkitpro/libnds/lib/libnds9.a(console.o)
 .rodata.SIN_LUT
                0x0000000002016e20      0x102 /opt/devkitpro/libnds/lib/libnds9.a(trig.o)
                0x0000000002016e20                SIN_LUT
 *fill*         0x0000000002016f22        0x2 ff
 .rodata._global_impure_ptr
                0x0000000002016f24        0x4 /opt/devkitpro/devkitARM/lib/gcc/arm-none-eabi/9.1.0/../../../../arm-none-eabi/lib/libg.a(lib_a-impure.o)
                0x0000000002016f24                _global_impure_ptr
 .rodata._puts_r.str1.4
                0x0000000002016f28        0x2 /opt/devkitpro/devkitARM/lib/gcc/arm-none-eabi/9.1.0/../../../../arm-none-eabi/lib/libg.a(lib_a-puts.o)
 *fill*         0x0000000002016f2a        0x2 ff
 .rodata.basefix.6959
                0x0000000002016f2c       0x22 /opt/devkitpro/devkitARM/lib/gcc/arm-none-eabi/9.1.0/../../../../arm-none-eabi/lib/libg.a(lib_a-svfiscanf.o)
 .rodata._vfprintf_r.str1.1
                0x0000000002016f4e       0x3b /opt/devkitpro/devkitARM/lib/gcc/arm-none-eabi/9.1.0/../../../../arm-none-eabi/lib/libg.a(lib_a-vfprintf.o)
 *fill*         0x0000000002016f89        0x3 ff
 .rodata.blanks.7428
                0x0000000002016f8c       0x10 /opt/devkitpro/devkitARM/lib/gcc/arm-none-eabi/9.1.0/../../../../arm-none-eabi/lib/libg.a(lib_a-vfprintf.o)
 .rodata.zeroes.7429
                0x0000000002016f9c       0x10 /opt/devkitpro/devkitARM/lib/gcc/arm-none-eabi/9.1.0/../../../../arm-none-eabi/lib/libg.a(lib_a-vfprintf.o)
 .rodata._ctype_
                0x0000000002016fac      0x101 /opt/devkitpro/devkitARM/lib/gcc/arm-none-eabi/9.1.0/../../../../arm-none-eabi/lib/libg.a(lib_a-ctype_.o)
                0x0000000002016fac                _ctype_
 *fill*         0x00000000020170ad        0x3 ff
 .rodata._dtoa_r.str1.4
                0x00000000020170b0       0x12 /opt/devkitpro/devkitARM/lib/gcc/arm-none-eabi/9.1.0/../../../../arm-none-eabi/lib/libg.a(lib_a-dtoa.o)
 *fill*         0x00000000020170c2        0x2 ff
 .rodata.str1.4
                0x00000000020170c4       0x48 /opt/devkitpro/devkitARM/lib/gcc/arm-none-eabi/9.1.0/../../../../arm-none-eabi/lib/libg.a(lib_a-locale.o)
                                         0x4c (size before relaxing)
 .rodata._mbrtowc_r.str1.4
                0x000000000201710c        0x1 /opt/devkitpro/devkitARM/lib/gcc/arm-none-eabi/9.1.0/../../../../arm-none-eabi/lib/libg.a(lib_a-mbrtowc.o)
 *fill*         0x000000000201710c        0x4 ff
 .rodata.__mprec_bigtens
                0x0000000002017110       0x28 /opt/devkitpro/devkitARM/lib/gcc/arm-none-eabi/9.1.0/../../../../arm-none-eabi/lib/libg.a(lib_a-mprec.o)
                0x0000000002017110                __mprec_bigtens
 .rodata.__mprec_tens
                0x0000000002017138       0xc8 /opt/devkitpro/devkitARM/lib/gcc/arm-none-eabi/9.1.0/../../../../arm-none-eabi/lib/libg.a(lib_a-mprec.o)
                0x0000000002017138                __mprec_tens
 .rodata.p05.6147
                0x0000000002017200        0xc /opt/devkitpro/devkitARM/lib/gcc/arm-none-eabi/9.1.0/../../../../arm-none-eabi/lib/libg.a(lib_a-mprec.o)
 .rodata.__action_table
                0x000000000201720c       0x6c /opt/devkitpro/devkitARM/lib/gcc/arm-none-eabi/9.1.0/../../../../arm-none-eabi/lib/libg.a(lib_a-svfiprintf.o)
                0x000000000201720c                __action_table
 .rodata.__chclass
                0x0000000002017278      0x100 /opt/devkitpro/devkitARM/lib/gcc/arm-none-eabi/9.1.0/../../../../arm-none-eabi/lib/libg.a(lib_a-svfiprintf.o)
                0x0000000002017278                __chclass
 .rodata.__state_table
                0x0000000002017378       0x6c /opt/devkitpro/devkitARM/lib/gcc/arm-none-eabi/9.1.0/../../../../arm-none-eabi/lib/libg.a(lib_a-svfiprintf.o)
                0x0000000002017378                __state_table
 .rodata._jp2uc_l.str1.4
                0x00000000020173e4       0x12 /opt/devkitpro/devkitARM/lib/gcc/arm-none-eabi/9.1.0/../../../../arm-none-eabi/lib/libg.a(lib_a-jp2uc.o)
 *fill*         0x00000000020173f6        0x2 ff
 .rodata.a1     0x00000000020173f8       0xbc /opt/devkitpro/devkitARM/lib/gcc/arm-none-eabi/9.1.0/../../../../arm-none-eabi/lib/libg.a(lib_a-jp2uc.o)
 .rodata.a2     0x00000000020174b4       0xbc /opt/devkitpro/devkitARM/lib/gcc/arm-none-eabi/9.1.0/../../../../arm-none-eabi/lib/libg.a(lib_a-jp2uc.o)
 .rodata.a3     0x0000000002017570       0x5b /opt/devkitpro/devkitARM/lib/gcc/arm-none-eabi/9.1.0/../../../../arm-none-eabi/lib/libg.a(lib_a-jp2uc.o)
 *fill*         0x00000000020175cb        0x1 ff
 .rodata.a6     0x00000000020175cc       0x70 /opt/devkitpro/devkitARM/lib/gcc/arm-none-eabi/9.1.0/../../../../arm-none-eabi/lib/libg.a(lib_a-jp2uc.o)
 .rodata.a7     0x000000000201763c       0xa2 /opt/devkitpro/devkitARM/lib/gcc/arm-none-eabi/9.1.0/../../../../arm-none-eabi/lib/libg.a(lib_a-jp2uc.o)
 *fill*         0x00000000020176de        0x2 ff
 .rodata.a8     0x00000000020176e0       0x40 /opt/devkitpro/devkitARM/lib/gcc/arm-none-eabi/9.1.0/../../../../arm-none-eabi/lib/libg.a(lib_a-jp2uc.o)
 .rodata.b02cf  0x0000000002017720     0x172a /opt/devkitpro/devkitARM/lib/gcc/arm-none-eabi/9.1.0/../../../../arm-none-eabi/lib/libg.a(lib_a-jp2uc.o)
 *fill*         0x0000000002018e4a        0x2 ff
 .rodata.d02f4  0x0000000002018e4c     0x1a7c /opt/devkitpro/devkitARM/lib/gcc/arm-none-eabi/9.1.0/../../../../arm-none-eabi/lib/libg.a(lib_a-jp2uc.o)
 .rodata.categories
                0x000000000201a8c8     0x309c /opt/devkitpro/devkitARM/lib/gcc/arm-none-eabi/9.1.0/../../../../arm-none-eabi/lib/libg.a(lib_a-categories.o)
 .rodata.AddDevice.str1.4
                0x000000000201d964        0x8 /opt/devkitpro/devkitARM/lib/gcc/arm-none-eabi/9.1.0/../../../../arm-none-eabi/lib/libsysbase.a(iosupport.o)
 .rodata.dotab_stdnull
                0x000000000201d96c       0x70 /opt/devkitpro/devkitARM/lib/gcc/arm-none-eabi/9.1.0/../../../../arm-none-eabi/lib/libsysbase.a(iosupport.o)
                0x000000000201d96c                dotab_stdnull
 *(EXCLUDE_FILE(*.twl*) .gnu.linkonce.r*)
                0x000000000201d9dc                . = ALIGN (0x4)

.ARM.extab
 *(.ARM.extab* .gnu.linkonce.armextab.*)
                0x000000000201d9dc                __exidx_start = .

ARM.exidx       0x000000000201d9dc        0x8
 *(.ARM.exidx* .gnu.linkonce.armexidx.*)
 .ARM.exidx.text._ZdlPvj
                0x000000000201d9dc        0x8 /opt/devkitpro/devkitARM/lib/gcc/arm-none-eabi/9.1.0/../../../../arm-none-eabi/lib/libstdc++.a(del_ops.o)
 .ARM.exidx.text._ZdlPv
                0x000000000201d9e4        0x0 /opt/devkitpro/devkitARM/lib/gcc/arm-none-eabi/9.1.0/../../../../arm-none-eabi/lib/libstdc++.a(del_op.o)
                                          0x8 (size before relaxing)
                0x000000000201d9e4                __exidx_end = .
                0x000000000201d9e4                . = ALIGN (0x4)
                0x000000000201d9e4                PROVIDE (__preinit_array_start = .)

.preinit_array
 *(.preinit_array)
                0x000000000201d9e4                PROVIDE (__preinit_array_end = .)
                0x000000000201d9e4                PROVIDE (__init_array_start = .)

.init_array     0x000000000201d9e4        0x4
 *(SORT_BY_NAME(.init_array.*))
 *(.init_array)
 .init_array    0x000000000201d9e4        0x4 /opt/devkitpro/devkitARM/lib/gcc/arm-none-eabi/9.1.0/crtbegin.o
                0x000000000201d9e8                PROVIDE (__init_array_end = .)
                [!provide]                        PROVIDE (__fini_array_start = .)

.fini_array     0x000000000201d9e8        0x4
 *(.fini_array)
 .fini_array    0x000000000201d9e8        0x4 /opt/devkitpro/devkitARM/lib/gcc/arm-none-eabi/9.1.0/crtbegin.o
 *(SORT_BY_NAME(.fini_array.*))
                [!provide]                        PROVIDE (__fini_array_end = .)

.ctors          0x000000000201d9ec        0x0
 *crtbegin.o(.ctors)
 *(EXCLUDE_FILE(*crtend.o) .ctors)
 *(SORT_BY_NAME(.ctors.*))
 *(.ctors)
                0x000000000201d9ec                . = ALIGN (0x4)

.dtors          0x000000000201d9ec        0x0
 *crtbegin.o(.dtors)
 *(EXCLUDE_FILE(*crtend.o) .dtors)
 *(SORT_BY_NAME(.dtors.*))
 *(.dtors)
                0x000000000201d9ec                . = ALIGN (0x4)

.eh_frame       0x000000000201d9ec        0x4
 *(.eh_frame)
 .eh_frame      0x000000000201d9ec        0x0 /opt/devkitpro/devkitARM/lib/gcc/arm-none-eabi/9.1.0/crtbegin.o
 .eh_frame      0x000000000201d9ec        0x4 /opt/devkitpro/devkitARM/lib/gcc/arm-none-eabi/9.1.0/crtend.o
                0x000000000201d9f0                . = ALIGN (0x4)

.rel.dyn        0x000000000201d9f0        0x0
 .rel.iplt      0x000000000201d9f0        0x0 /opt/devkitpro/devkitARM/lib/gcc/arm-none-eabi/9.1.0/../../../../arm-none-eabi/lib/ds_arm9_crt0.o

.gcc_except_table
                0x000000000201d9f0        0x0
 *(.gcc_except_table)
                0x000000000201d9f0                . = ALIGN (0x4)

.jcr
 *(.jcr)

.got
 *(.got.plt)
 *(.got)
 *(.rel.got)

.ewram          0x000000000201d9f0        0x0
                0x000000000201d9f0                __ewram_start = ABSOLUTE (.)
 *(.ewram)
 *ewram.*(.text)
                0x000000000201d9f0                . = ALIGN (0x4)

.data           0x000000000201d9f0     0x1bb8
                0x000000000201d9f0                __data_start = ABSOLUTE (.)
 *(EXCLUDE_FILE(*.twl*) .data)
 .data          0x000000000201d9f0       0x28 /opt/devkitpro/libnds/lib/libnds9.a(mpu_setup.o)
 *(EXCLUDE_FILE(*.twl*) .data.*)
 .data.bgControl
                0x000000000201da18       0x20 /opt/devkitpro/libnds/lib/libnds9.a(background.o)
                0x000000000201da18                bgControl
 .data.bgScrollTable
                0x000000000201da38       0x20 /opt/devkitpro/libnds/lib/libnds9.a(background.o)
                0x000000000201da38                bgScrollTable
 .data.bgTransform
                0x000000000201da58       0x20 /opt/devkitpro/libnds/lib/libnds9.a(background.o)
                0x000000000201da58                bgTransform
 .data.currentConsole
                0x000000000201da78        0x4 /opt/devkitpro/libnds/lib/libnds9.a(console.o)
                0x000000000201da78                currentConsole
 .data.defaultConsole
                0x000000000201da7c       0x5c /opt/devkitpro/libnds/lib/libnds9.a(console.o)
                0x000000000201da7c                defaultConsole
 .data.firstConsoleInit.6889
                0x000000000201dad8        0x1 /opt/devkitpro/libnds/lib/libnds9.a(console.o)
 .data.count    0x000000000201dad9        0x1 /opt/devkitpro/libnds/lib/libnds9.a(keys.o)
 .data.delay    0x000000000201dada        0x1 /opt/devkitpro/libnds/lib/libnds9.a(keys.o)
 .data.repeat   0x000000000201dadb        0x1 /opt/devkitpro/libnds/lib/libnds9.a(keys.o)
 .data.fifo_buffer_free
                0x000000000201dadc        0x4 /opt/devkitpro/libnds/lib/libnds9.a(fifosystem.o)
                0x000000000201dadc                fifo_buffer_free
 .data.fifo_freewords
                0x000000000201dae0        0x4 /opt/devkitpro/libnds/lib/libnds9.a(fifosystem.o)
                0x000000000201dae0                fifo_freewords
 .data.fifo_receive_queue
                0x000000000201dae4        0x4 /opt/devkitpro/libnds/lib/libnds9.a(fifosystem.o)
                0x000000000201dae4                fifo_receive_queue
 .data.fifo_send_queue
                0x000000000201dae8        0x4 /opt/devkitpro/libnds/lib/libnds9.a(fifosystem.o)
                0x000000000201dae8                fifo_send_queue
 .data.__sfp_recursive_mutex
                0x000000000201daec        0xc /opt/devkitpro/devkitARM/lib/gcc/arm-none-eabi/9.1.0/../../../../arm-none-eabi/lib/libg.a(lib_a-findfp.o)
 .data.__sinit_recursive_mutex
                0x000000000201daf8        0xc /opt/devkitpro/devkitARM/lib/gcc/arm-none-eabi/9.1.0/../../../../arm-none-eabi/lib/libg.a(lib_a-findfp.o)
 .data._impure_ptr
                0x000000000201db04        0x4 /opt/devkitpro/devkitARM/lib/gcc/arm-none-eabi/9.1.0/../../../../arm-none-eabi/lib/libg.a(lib_a-impure.o)
                0x000000000201db04                _impure_ptr
 .data.impure_data
                0x000000000201db08      0x460 /opt/devkitpro/devkitARM/lib/gcc/arm-none-eabi/9.1.0/../../../../arm-none-eabi/lib/libg.a(lib_a-impure.o)
 .data.__malloc_av_
                0x000000000201df68      0x408 /opt/devkitpro/devkitARM/lib/gcc/arm-none-eabi/9.1.0/../../../../arm-none-eabi/lib/libg.a(lib_a-mallocr.o)
                0x000000000201df68                __malloc_av_
 .data.__malloc_sbrk_base
                0x000000000201e370        0x4 /opt/devkitpro/devkitARM/lib/gcc/arm-none-eabi/9.1.0/../../../../arm-none-eabi/lib/libg.a(lib_a-mallocr.o)
                0x000000000201e370                __malloc_sbrk_base
 .data.__malloc_trim_threshold
                0x000000000201e374        0x4 /opt/devkitpro/devkitARM/lib/gcc/arm-none-eabi/9.1.0/../../../../arm-none-eabi/lib/libg.a(lib_a-mallocr.o)
                0x000000000201e374                __malloc_trim_threshold
 .data.__malloc_recursive_mutex
                0x000000000201e378        0xc /opt/devkitpro/devkitARM/lib/gcc/arm-none-eabi/9.1.0/../../../../arm-none-eabi/lib/libg.a(lib_a-mlock.o)
 .data.__global_locale
                0x000000000201e384      0x16c /opt/devkitpro/devkitARM/lib/gcc/arm-none-eabi/9.1.0/../../../../arm-none-eabi/lib/libg.a(lib_a-locale.o)
                0x000000000201e384                __global_locale
 .data.defaultDevice
                0x000000000201e4f0        0x4 /opt/devkitpro/devkitARM/lib/gcc/arm-none-eabi/9.1.0/../../../../arm-none-eabi/lib/libsysbase.a(iosupport.o)
 .data.devoptab_list
                0x000000000201e4f4       0x8c /opt/devkitpro/devkitARM/lib/gcc/arm-none-eabi/9.1.0/../../../../arm-none-eabi/lib/libsysbase.a(iosupport.o)
                0x000000000201e4f4                devoptab_list
 .data.__hndl_lock
                0x000000000201e580        0x4 /opt/devkitpro/devkitARM/lib/gcc/arm-none-eabi/9.1.0/../../../../arm-none-eabi/lib/libsysbase.a(handle_manager.o)
 .data.__stderr_handle
                0x000000000201e584        0xc /opt/devkitpro/devkitARM/lib/gcc/arm-none-eabi/9.1.0/../../../../arm-none-eabi/lib/libsysbase.a(handle_manager.o)
 .data.__stdin_handle
                0x000000000201e590        0xc /opt/devkitpro/devkitARM/lib/gcc/arm-none-eabi/9.1.0/../../../../arm-none-eabi/lib/libsysbase.a(handle_manager.o)
 .data.__stdout_handle
                0x000000000201e59c        0xc /opt/devkitpro/devkitARM/lib/gcc/arm-none-eabi/9.1.0/../../../../arm-none-eabi/lib/libsysbase.a(handle_manager.o)
 .data.handles  0x000000000201e5a8     0x1000 /opt/devkitpro/devkitARM/lib/gcc/arm-none-eabi/9.1.0/../../../../arm-none-eabi/lib/libsysbase.a(handle_manager.o)
 *(EXCLUDE_FILE(*.twl*) .gnu.linkonce.d*)
                0x000000000201f5a8                . = ALIGN (0x4)
                0x000000000201f5a8                __data_end = ABSOLUTE (.)
                0x000000000201f5a8                __bss_vma = .

.igot.plt       0x000000000201f5a8        0x0
 .igot.plt      0x000000000201f5a8        0x0 /opt/devkitpro/devkitARM/lib/gcc/arm-none-eabi/9.1.0/../../../../arm-none-eabi/lib/ds_arm9_crt0.o

.tm_clone_table
                0x000000000201f5a8        0x0
 .tm_clone_table
                0x000000000201f5a8        0x0 /opt/devkitpro/devkitARM/lib/gcc/arm-none-eabi/9.1.0/crtbegin.o
 .tm_clone_table
                0x000000000201f5a8        0x0 /opt/devkitpro/devkitARM/lib/gcc/arm-none-eabi/9.1.0/crtend.o

.dtcm           0x000000000b000000        0x0 load address 0x000000000201f5a8
                0x000000000201f5a8                __dtcm_lma = LOADADDR (.dtcm)
                0x000000000b000000                __dtcm_start = ABSOLUTE (.)
 *(.dtcm)
 *(.dtcm.*)
                0x000000000b000000                . = ALIGN (0x4)
                0x000000000b000000                __dtcm_end = ABSOLUTE (.)

.itcm           0x0000000001000100      0x194 load address 0x000000000201f5a8
                0x000000000201f5a8                __itcm_lma = LOADADDR (.itcm)
                0x0000000001000100                __itcm_start = ABSOLUTE (.)
 *(.itcm)
 .itcm          0x0000000001000100       0xc8 /opt/devkitpro/libnds/lib/libnds9.a(interrupts.o)
                0x0000000001000100                irqTable
 .itcm          0x00000000010001c8       0xcc /opt/devkitpro/libnds/lib/libnds9.a(interruptDispatcher.o)
                0x00000000010001c8                IntrMain
 *.itcm*(.text .stub .text.*)
                0x0000000001000294                . = ALIGN (0x4)
                0x0000000001000294                __itcm_end = ABSOLUTE (.)

.vectors        0x0000000001000000        0x0 load address 0x000000000201f73c
                0x000000000201f73c                __vectors_lma = LOADADDR (.vectors)
                0x0000000001000000                __vectors_start = ABSOLUTE (.)
 *(.vectors .vectors.*)
                0x0000000001000000                . = ALIGN (0x4)
                0x0000000001000000                __vectors_end = ABSOLUTE (.)

.sbss           0x000000000b000000        0x0
                0x000000000b000000                __sbss_start = ABSOLUTE (.)
                0x000000000b000000                __sbss_start__ = ABSOLUTE (.)
 *(.sbss)
                0x000000000b000000                . = ALIGN (0x4)
                0x000000000b000000                __sbss_end = ABSOLUTE (.)

.bss            0x000000000201f5a8      0xd18
                0x000000000201f5a8                __bss_start = ABSOLUTE (.)
                0x000000000201f5a8                __bss_start__ = ABSOLUTE (.)
 *(EXCLUDE_FILE(*.twl*) .dynbss)
 *(EXCLUDE_FILE(*.twl*) .gnu.linkonce.b*)
 *(EXCLUDE_FILE(*.twl*) .bss*)
 .bss.completed.9071
                0x000000000201f5a8        0x1 /opt/devkitpro/devkitARM/lib/gcc/arm-none-eabi/9.1.0/crtbegin.o
 *fill*         0x000000000201f5a9        0x3 
 .bss.object.9076
                0x000000000201f5ac       0x18 /opt/devkitpro/devkitARM/lib/gcc/arm-none-eabi/9.1.0/crtbegin.o
 .bss           0x000000000201f5c4       0x18 /opt/devkitpro/libnds/lib/libmm9.a(mm_comms.o)
 .bss           0x000000000201f5dc       0x19 /opt/devkitpro/libnds/lib/libmm9.a(mm_main9.o)
                0x000000000201f5dc                mmcbMemory
                0x000000000201f5e0                mmModuleCount
                0x000000000201f5e4                mmSampleCount
                0x000000000201f5e8                mmModuleBank
                0x000000000201f5e8                mmMemoryBank
                0x000000000201f5ec                mmSampleBank
                0x000000000201f5f0                mmCallback
                0x000000000201f5f4                mmActiveStatus
 *fill*         0x000000000201f5f5        0x3 
 .bss           0x000000000201f5f8       0x44 /opt/devkitpro/libnds/lib/libmm9.a(mm_soundbank.o)
 .bss.SDcallback
                0x000000000201f63c        0x4 /opt/devkitpro/libnds/lib/libnds9.a(system.o)
 .bss.keys      0x000000000201f640        0x2 /opt/devkitpro/libnds/lib/libnds9.a(keys.o)
 .bss.keysold   0x000000000201f642        0x2 /opt/devkitpro/libnds/lib/libnds9.a(keys.o)
 .bss.keysrepeat
                0x000000000201f644        0x2 /opt/devkitpro/libnds/lib/libnds9.a(keys.o)
 *fill*         0x000000000201f646        0x2 
 .bss.processing
                0x000000000201f648        0x4 /opt/devkitpro/libnds/lib/libnds9.a(fifosystem.o)
                0x000000000201f648                processing
 .bss.__malloc_current_mallinfo
                0x000000000201f64c       0x28 /opt/devkitpro/devkitARM/lib/gcc/arm-none-eabi/9.1.0/../../../../arm-none-eabi/lib/libg.a(lib_a-mallocr.o)
                0x000000000201f64c                __malloc_current_mallinfo
 .bss.__malloc_max_sbrked_mem
                0x000000000201f674        0x4 /opt/devkitpro/devkitARM/lib/gcc/arm-none-eabi/9.1.0/../../../../arm-none-eabi/lib/libg.a(lib_a-mallocr.o)
                0x000000000201f674                __malloc_max_sbrked_mem
 .bss.__malloc_max_total_mem
                0x000000000201f678        0x4 /opt/devkitpro/devkitARM/lib/gcc/arm-none-eabi/9.1.0/../../../../arm-none-eabi/lib/libg.a(lib_a-mallocr.o)
                0x000000000201f678                __malloc_max_total_mem
 .bss.__malloc_top_pad
                0x000000000201f67c        0x4 /opt/devkitpro/devkitARM/lib/gcc/arm-none-eabi/9.1.0/../../../../arm-none-eabi/lib/libg.a(lib_a-mallocr.o)
                0x000000000201f67c                __malloc_top_pad
 .bss.heap_start.6057
                0x000000000201f680        0x4 /opt/devkitpro/devkitARM/lib/gcc/arm-none-eabi/9.1.0/../../../../arm-none-eabi/lib/libsysbase.a(sbrk.o)
 .bss.fake_heap_end
                0x000000000201f684        0x4 /opt/devkitpro/devkitARM/lib/gcc/arm-none-eabi/9.1.0/../../../../arm-none-eabi/lib/libsysbase.a(malloc_vars.o)
                0x000000000201f684                fake_heap_end
 .bss.fake_heap_start
                0x000000000201f688        0x4 /opt/devkitpro/devkitARM/lib/gcc/arm-none-eabi/9.1.0/../../../../arm-none-eabi/lib/libsysbase.a(malloc_vars.o)
                0x000000000201f688                fake_heap_start
 .bss.__syscalls
                0x000000000201f68c       0x48 /opt/devkitpro/devkitARM/lib/gcc/arm-none-eabi/9.1.0/../../../../arm-none-eabi/lib/libsysbase.a(syscall_support.o)
                0x000000000201f68c                __syscalls
 *(EXCLUDE_FILE(*.twl*) COMMON)
 COMMON         0x000000000201f6d4      0x148 /opt/devkitpro/libnds/lib/libnds9.a(background.o)
                0x000000000201f6d4                bgState
                0x000000000201f814                bgIsTextLut
 COMMON         0x000000000201f81c       0x5c /opt/devkitpro/libnds/lib/libnds9.a(console.o)
                0x000000000201f81c                currentCopy
 COMMON         0x000000000201f878        0x1 /opt/devkitpro/libnds/lib/libnds9.a(initSystem.o)
                0x000000000201f878                __dsimode
 *fill*         0x000000000201f879        0x3 
 COMMON         0x000000000201f87c        0x4 /opt/devkitpro/libnds/lib/libnds9.a(timeSupport.o)
                0x000000000201f87c                punixTime
 COMMON         0x000000000201f880      0xa40 /opt/devkitpro/libnds/lib/libnds9.a(fifosystem.o)
                0x000000000201f880                fifo_datamsg_data
                0x000000000201f8c0                fifo_buffer
                0x00000000020200c0                fifo_value32_func
                0x0000000002020100                fifo_address_func
                0x0000000002020140                fifo_value32_data
                0x0000000002020180                fifo_value32_queue
                0x00000000020201c0                fifo_data_queue
                0x0000000002020200                fifo_address_data
                0x0000000002020240                fifo_datamsg_func
                0x0000000002020280                fifo_address_queue
                0x00000000020202c0                . = ALIGN (0x4)
                0x00000000020202c0                __bss_end__ = ABSOLUTE (.)
                0x00000000020202c0                __end__ = ABSOLUTE (.)

.twl            0x00000000020202c0        0x0 load address 0x0000000002400000
                0x0000000002400000                __arm9i_lma__ = LOADADDR (.twl)
                0x00000000020202c0                __arm9i_start__ = ABSOLUTE (.)
 *(.twl)
 *.twl*(.text .stub .text.* .gnu.linkonce.t.*)
 *.twl*(.rodata)
 *.twl*(.roda)
 *.twl*(.rodata.*)
 *.twl*(.data)
 *.twl*(.data.*)
 *.twl*(.gnu.linkonce.d*)
                0x00000000020202c0                __arm9i_end__ = ABSOLUTE (.)

.twl_bss        0x00000000020202c0        0x0
                0x00000000020202c0                __twl_bss_start__ = ABSOLUTE (.)
 *(.twl_bss)
 *.twl*(.dynbss)
 *.twl*(.gnu.linkonce.b*)
 *.twl*(.bss*)
 *.twl*(COMMON)
                0x00000000020202c0                . = ALIGN (0x4)
                0x00000000020202c0                __twl_bss_end__ = ABSOLUTE (.)
                0x00000000020202c0                __twl_end__ = ABSOLUTE (.)

.stab
 *(.stab)

.stabstr
 *(.stabstr)

.stab.excl
 *(.stab.excl)

.stab.exclstr
 *(.stab.exclstr)

.stab.index
 *(.stab.index)

.stab.indexstr
 *(.stab.indexstr)

.comment        0x0000000000000000       0x44
 *(.comment)
 .comment       0x0000000000000000       0x22 /opt/devkitpro/devkitARM/lib/gcc/arm-none-eabi/9.1.0/crtbegin.o
                                         0x23 (size before relaxing)
 .comment       0x0000000000000022       0x23 TimerSystem.o
 .comment       0x0000000000000022       0x23 main.o
 .comment       0x0000000000000022       0x22 /opt/devkitpro/libnds/lib/libnds9.a(background.o)
                                         0x23 (size before relaxing)
 .comment       0x0000000000000044       0x23 /opt/devkitpro/libnds/lib/libnds9.a(video.o)
 .comment       0x0000000000000044       0x23 /opt/devkitpro/libnds/lib/libnds9.a(system.o)
 .comment       0x0000000000000044       0x23 /opt/devkitpro/libnds/lib/libnds9.a(console.o)
 .comment       0x0000000000000044       0x23 /opt/devkitpro/libnds/lib/libnds9.a(trig.o)
 .comment       0x0000000000000044       0x23 /opt/devkitpro/libnds/lib/libnds9.a(keys.o)
 .comment       0x0000000000000044       0x23 /opt/devkitpro/libnds/lib/libnds9.a(initSystem.o)
 .comment       0x0000000000000044       0x23 /opt/devkitpro/libnds/lib/libnds9.a(timeSupport.o)
 .comment       0x0000000000000044       0x23 /opt/devkitpro/libnds/lib/libnds9.a(securearea.o)
 .comment       0x0000000000000044       0x23 /opt/devkitpro/libnds/lib/libnds9.a(interrupts.o)
 .comment       0x0000000000000044       0x23 /opt/devkitpro/libnds/lib/libnds9.a(libnds_exit.arm.o)
 .comment       0x0000000000000044       0x23 /opt/devkitpro/libnds/lib/libnds9.a(fifosystem.o)
 .comment       0x0000000000000044       0x23 /opt/devkitpro/devkitARM/lib/gcc/arm-none-eabi/9.1.0/../../../../arm-none-eabi/lib/libstdc++.a(del_ops.o)
 .comment       0x0000000000000044       0x23 /opt/devkitpro/devkitARM/lib/gcc/arm-none-eabi/9.1.0/../../../../arm-none-eabi/lib/libstdc++.a(del_op.o)
 .comment       0x0000000000000044       0x23 /opt/devkitpro/devkitARM/lib/gcc/arm-none-eabi/9.1.0/../../../../arm-none-eabi/lib/libg.a(lib_a-fclose.o)
 .comment       0x0000000000000044       0x23 /opt/devkitpro/devkitARM/lib/gcc/arm-none-eabi/9.1.0/../../../../arm-none-eabi/lib/libg.a(lib_a-fflush.o)
 .comment       0x0000000000000044       0x23 /opt/devkitpro/devkitARM/lib/gcc/arm-none-eabi/9.1.0/../../../../arm-none-eabi/lib/libg.a(lib_a-findfp.o)
 .comment       0x0000000000000044       0x23 /opt/devkitpro/devkitARM/lib/gcc/arm-none-eabi/9.1.0/../../../../arm-none-eabi/lib/libg.a(lib_a-fopen.o)
 .comment       0x0000000000000044       0x23 /opt/devkitpro/devkitARM/lib/gcc/arm-none-eabi/9.1.0/../../../../arm-none-eabi/lib/libg.a(lib_a-fread.o)
 .comment       0x0000000000000044       0x23 /opt/devkitpro/devkitARM/lib/gcc/arm-none-eabi/9.1.0/../../../../arm-none-eabi/lib/libg.a(lib_a-freer.o)
 .comment       0x0000000000000044       0x23 /opt/devkitpro/devkitARM/lib/gcc/arm-none-eabi/9.1.0/../../../../arm-none-eabi/lib/libg.a(lib_a-fseek.o)
 .comment       0x0000000000000044       0x23 /opt/devkitpro/devkitARM/lib/gcc/arm-none-eabi/9.1.0/../../../../arm-none-eabi/lib/libg.a(lib_a-fseeko.o)
 .comment       0x0000000000000044       0x23 /opt/devkitpro/devkitARM/lib/gcc/arm-none-eabi/9.1.0/../../../../arm-none-eabi/lib/libg.a(lib_a-fwalk.o)
 .comment       0x0000000000000044       0x23 /opt/devkitpro/devkitARM/lib/gcc/arm-none-eabi/9.1.0/../../../../arm-none-eabi/lib/libg.a(lib_a-impure.o)
 .comment       0x0000000000000044       0x23 /opt/devkitpro/devkitARM/lib/gcc/arm-none-eabi/9.1.0/../../../../arm-none-eabi/lib/libg.a(lib_a-init.o)
 .comment       0x0000000000000044       0x23 /opt/devkitpro/devkitARM/lib/gcc/arm-none-eabi/9.1.0/../../../../arm-none-eabi/lib/libg.a(lib_a-makebuf.o)
 .comment       0x0000000000000044       0x23 /opt/devkitpro/devkitARM/lib/gcc/arm-none-eabi/9.1.0/../../../../arm-none-eabi/lib/libg.a(lib_a-malloc.o)
 .comment       0x0000000000000044       0x23 /opt/devkitpro/devkitARM/lib/gcc/arm-none-eabi/9.1.0/../../../../arm-none-eabi/lib/libg.a(lib_a-mallocr.o)
 .comment       0x0000000000000044       0x23 /opt/devkitpro/devkitARM/lib/gcc/arm-none-eabi/9.1.0/../../../../arm-none-eabi/lib/libg.a(lib_a-memcpy-stub.o)
 .comment       0x0000000000000044       0x23 /opt/devkitpro/devkitARM/lib/gcc/arm-none-eabi/9.1.0/../../../../arm-none-eabi/lib/libg.a(lib_a-memset.o)
 .comment       0x0000000000000044       0x23 /opt/devkitpro/devkitARM/lib/gcc/arm-none-eabi/9.1.0/../../../../arm-none-eabi/lib/libg.a(lib_a-mlock.o)
 .comment       0x0000000000000044       0x23 /opt/devkitpro/devkitARM/lib/gcc/arm-none-eabi/9.1.0/../../../../arm-none-eabi/lib/libg.a(lib_a-printf.o)
 .comment       0x0000000000000044       0x23 /opt/devkitpro/devkitARM/lib/gcc/arm-none-eabi/9.1.0/../../../../arm-none-eabi/lib/libg.a(lib_a-puts.o)
 .comment       0x0000000000000044       0x23 /opt/devkitpro/devkitARM/lib/gcc/arm-none-eabi/9.1.0/../../../../arm-none-eabi/lib/libg.a(lib_a-realloc.o)
 .comment       0x0000000000000044       0x23 /opt/devkitpro/devkitARM/lib/gcc/arm-none-eabi/9.1.0/../../../../arm-none-eabi/lib/libg.a(lib_a-reallocr.o)
 .comment       0x0000000000000044       0x23 /opt/devkitpro/devkitARM/lib/gcc/arm-none-eabi/9.1.0/../../../../arm-none-eabi/lib/libg.a(lib_a-refill.o)
 .comment       0x0000000000000044       0x23 /opt/devkitpro/devkitARM/lib/gcc/arm-none-eabi/9.1.0/../../../../arm-none-eabi/lib/libg.a(lib_a-setvbuf.o)
 .comment       0x0000000000000044       0x23 /opt/devkitpro/devkitARM/lib/gcc/arm-none-eabi/9.1.0/../../../../arm-none-eabi/lib/libg.a(lib_a-siscanf.o)
 .comment       0x0000000000000044       0x23 /opt/devkitpro/devkitARM/lib/gcc/arm-none-eabi/9.1.0/../../../../arm-none-eabi/lib/libg.a(lib_a-stdio.o)
 .comment       0x0000000000000044       0x23 /opt/devkitpro/devkitARM/lib/gcc/arm-none-eabi/9.1.0/../../../../arm-none-eabi/lib/libg.a(lib_a-strlen-stub.o)
 .comment       0x0000000000000044       0x23 /opt/devkitpro/devkitARM/lib/gcc/arm-none-eabi/9.1.0/../../../../arm-none-eabi/lib/libg.a(lib_a-svfiscanf.o)
 .comment       0x0000000000000044       0x23 /opt/devkitpro/devkitARM/lib/gcc/arm-none-eabi/9.1.0/../../../../arm-none-eabi/lib/libg.a(lib_a-ungetc.o)
 .comment       0x0000000000000044       0x23 /opt/devkitpro/devkitARM/lib/gcc/arm-none-eabi/9.1.0/../../../../arm-none-eabi/lib/libg.a(lib_a-vfiprintf.o)
 .comment       0x0000000000000044       0x23 /opt/devkitpro/devkitARM/lib/gcc/arm-none-eabi/9.1.0/../../../../arm-none-eabi/lib/libg.a(lib_a-vfprintf.o)
 .comment       0x0000000000000044       0x23 /opt/devkitpro/devkitARM/lib/gcc/arm-none-eabi/9.1.0/../../../../arm-none-eabi/lib/libg.a(lib_a-wcrtomb.o)
 .comment       0x0000000000000044       0x23 /opt/devkitpro/devkitARM/lib/gcc/arm-none-eabi/9.1.0/../../../../arm-none-eabi/lib/libg.a(lib_a-wcsrtombs.o)
 .comment       0x0000000000000044       0x23 /opt/devkitpro/devkitARM/lib/gcc/arm-none-eabi/9.1.0/../../../../arm-none-eabi/lib/libg.a(lib_a-wsetup.o)
 .comment       0x0000000000000044       0x23 /opt/devkitpro/devkitARM/lib/gcc/arm-none-eabi/9.1.0/../../../../arm-none-eabi/lib/libg.a(lib_a-ctype_.o)
 .comment       0x0000000000000044       0x23 /opt/devkitpro/devkitARM/lib/gcc/arm-none-eabi/9.1.0/../../../../arm-none-eabi/lib/libg.a(lib_a-dtoa.o)
 .comment       0x0000000000000044       0x23 /opt/devkitpro/devkitARM/lib/gcc/arm-none-eabi/9.1.0/../../../../arm-none-eabi/lib/libg.a(lib_a-flags.o)
 .comment       0x0000000000000044       0x23 /opt/devkitpro/devkitARM/lib/gcc/arm-none-eabi/9.1.0/../../../../arm-none-eabi/lib/libg.a(lib_a-fvwrite.o)
 .comment       0x0000000000000044       0x23 /opt/devkitpro/devkitARM/lib/gcc/arm-none-eabi/9.1.0/../../../../arm-none-eabi/lib/libg.a(lib_a-iswspace.o)
 .comment       0x0000000000000044       0x23 /opt/devkitpro/devkitARM/lib/gcc/arm-none-eabi/9.1.0/../../../../arm-none-eabi/lib/libg.a(lib_a-localeconv.o)
 .comment       0x0000000000000044       0x23 /opt/devkitpro/devkitARM/lib/gcc/arm-none-eabi/9.1.0/../../../../arm-none-eabi/lib/libg.a(lib_a-locale.o)
 .comment       0x0000000000000044       0x23 /opt/devkitpro/devkitARM/lib/gcc/arm-none-eabi/9.1.0/../../../../arm-none-eabi/lib/libg.a(lib_a-mbrtowc.o)
 .comment       0x0000000000000044       0x23 /opt/devkitpro/devkitARM/lib/gcc/arm-none-eabi/9.1.0/../../../../arm-none-eabi/lib/libg.a(lib_a-mbtowc_r.o)
 .comment       0x0000000000000044       0x23 /opt/devkitpro/devkitARM/lib/gcc/arm-none-eabi/9.1.0/../../../../arm-none-eabi/lib/libg.a(lib_a-memchr-stub.o)
 .comment       0x0000000000000044       0x23 /opt/devkitpro/devkitARM/lib/gcc/arm-none-eabi/9.1.0/../../../../arm-none-eabi/lib/libg.a(lib_a-memmove.o)
 .comment       0x0000000000000044       0x23 /opt/devkitpro/devkitARM/lib/gcc/arm-none-eabi/9.1.0/../../../../arm-none-eabi/lib/libg.a(lib_a-mprec.o)
 .comment       0x0000000000000044       0x23 /opt/devkitpro/devkitARM/lib/gcc/arm-none-eabi/9.1.0/../../../../arm-none-eabi/lib/libg.a(lib_a-sccl.o)
 .comment       0x0000000000000044       0x23 /opt/devkitpro/devkitARM/lib/gcc/arm-none-eabi/9.1.0/../../../../arm-none-eabi/lib/libg.a(lib_a-s_frexp.o)
 .comment       0x0000000000000044       0x23 /opt/devkitpro/devkitARM/lib/gcc/arm-none-eabi/9.1.0/../../../../arm-none-eabi/lib/libg.a(lib_a-strchr.o)
 .comment       0x0000000000000044       0x23 /opt/devkitpro/devkitARM/lib/gcc/arm-none-eabi/9.1.0/../../../../arm-none-eabi/lib/libg.a(lib_a-strncmp.o)
 .comment       0x0000000000000044       0x23 /opt/devkitpro/devkitARM/lib/gcc/arm-none-eabi/9.1.0/../../../../arm-none-eabi/lib/libg.a(lib_a-strncpy.o)
 .comment       0x0000000000000044       0x23 /opt/devkitpro/devkitARM/lib/gcc/arm-none-eabi/9.1.0/../../../../arm-none-eabi/lib/libg.a(lib_a-strtoll.o)
 .comment       0x0000000000000044       0x23 /opt/devkitpro/devkitARM/lib/gcc/arm-none-eabi/9.1.0/../../../../arm-none-eabi/lib/libg.a(lib_a-strtol.o)
 .comment       0x0000000000000044       0x23 /opt/devkitpro/devkitARM/lib/gcc/arm-none-eabi/9.1.0/../../../../arm-none-eabi/lib/libg.a(lib_a-strtoull.o)
 .comment       0x0000000000000044       0x23 /opt/devkitpro/devkitARM/lib/gcc/arm-none-eabi/9.1.0/../../../../arm-none-eabi/lib/libg.a(lib_a-strtoul.o)
 .comment       0x0000000000000044       0x23 /opt/devkitpro/devkitARM/lib/gcc/arm-none-eabi/9.1.0/../../../../arm-none-eabi/lib/libg.a(lib_a-svfiprintf.o)
 .comment       0x0000000000000044       0x23 /opt/devkitpro/devkitARM/lib/gcc/arm-none-eabi/9.1.0/../../../../arm-none-eabi/lib/libg.a(lib_a-wcsnrtombs.o)
 .comment       0x0000000000000044       0x23 /opt/devkitpro/devkitARM/lib/gcc/arm-none-eabi/9.1.0/../../../../arm-none-eabi/lib/libg.a(lib_a-wctomb_r.o)
 .comment       0x0000000000000044       0x23 /opt/devkitpro/devkitARM/lib/gcc/arm-none-eabi/9.1.0/../../../../arm-none-eabi/lib/libg.a(lib_a-callocr.o)
 .comment       0x0000000000000044       0x23 /opt/devkitpro/devkitARM/lib/gcc/arm-none-eabi/9.1.0/../../../../arm-none-eabi/lib/libg.a(lib_a-iswspace_l.o)
 .comment       0x0000000000000044       0x23 /opt/devkitpro/devkitARM/lib/gcc/arm-none-eabi/9.1.0/../../../../arm-none-eabi/lib/libg.a(lib_a-jp2uc.o)
 .comment       0x0000000000000044       0x23 /opt/devkitpro/devkitARM/lib/gcc/arm-none-eabi/9.1.0/../../../../arm-none-eabi/lib/libg.a(lib_a-categories.o)
 .comment       0x0000000000000044       0x23 /opt/devkitpro/devkitARM/lib/gcc/arm-none-eabi/9.1.0/../../../../arm-none-eabi/lib/libsysbase.a(iosupport.o)
 .comment       0x0000000000000044       0x23 /opt/devkitpro/devkitARM/lib/gcc/arm-none-eabi/9.1.0/../../../../arm-none-eabi/lib/libsysbase.a(fstat.o)
 .comment       0x0000000000000044       0x23 /opt/devkitpro/devkitARM/lib/gcc/arm-none-eabi/9.1.0/../../../../arm-none-eabi/lib/libsysbase.a(isatty.o)
 .comment       0x0000000000000044       0x23 /opt/devkitpro/devkitARM/lib/gcc/arm-none-eabi/9.1.0/../../../../arm-none-eabi/lib/libsysbase.a(lseek.o)
 .comment       0x0000000000000044       0x23 /opt/devkitpro/devkitARM/lib/gcc/arm-none-eabi/9.1.0/../../../../arm-none-eabi/lib/libsysbase.a(open.o)
 .comment       0x0000000000000044       0x23 /opt/devkitpro/devkitARM/lib/gcc/arm-none-eabi/9.1.0/../../../../arm-none-eabi/lib/libsysbase.a(read.o)
 .comment       0x0000000000000044       0x23 /opt/devkitpro/devkitARM/lib/gcc/arm-none-eabi/9.1.0/../../../../arm-none-eabi/lib/libsysbase.a(sbrk.o)
 .comment       0x0000000000000044       0x23 /opt/devkitpro/devkitARM/lib/gcc/arm-none-eabi/9.1.0/../../../../arm-none-eabi/lib/libsysbase.a(write.o)
 .comment       0x0000000000000044       0x23 /opt/devkitpro/devkitARM/lib/gcc/arm-none-eabi/9.1.0/../../../../arm-none-eabi/lib/libsysbase.a(malloc_vars.o)
 .comment       0x0000000000000044       0x23 /opt/devkitpro/devkitARM/lib/gcc/arm-none-eabi/9.1.0/../../../../arm-none-eabi/lib/libsysbase.a(build_argv.o)
 .comment       0x0000000000000044       0x23 /opt/devkitpro/devkitARM/lib/gcc/arm-none-eabi/9.1.0/../../../../arm-none-eabi/lib/libsysbase.a(flock.o)
 .comment       0x0000000000000044       0x23 /opt/devkitpro/devkitARM/lib/gcc/arm-none-eabi/9.1.0/../../../../arm-none-eabi/lib/libsysbase.a(syscall_support.o)
 .comment       0x0000000000000044       0x23 /opt/devkitpro/devkitARM/lib/gcc/arm-none-eabi/9.1.0/../../../../arm-none-eabi/lib/libsysbase.a(handle_manager.o)
 .comment       0x0000000000000044       0x23 /opt/devkitpro/devkitARM/lib/gcc/arm-none-eabi/9.1.0/../../../../arm-none-eabi/lib/libsysbase.a(getreent.o)
 .comment       0x0000000000000044       0x23 /opt/devkitpro/devkitARM/lib/gcc/arm-none-eabi/9.1.0/libgcc.a(_udivmoddi4.o)
 .comment       0x0000000000000044       0x23 /opt/devkitpro/devkitARM/lib/gcc/arm-none-eabi/9.1.0/../../../../arm-none-eabi/lib/libg.a(lib_a-errno.o)
 .comment       0x0000000000000044       0x23 /opt/devkitpro/devkitARM/lib/gcc/arm-none-eabi/9.1.0/crtend.o

.ARM.attributes
                0x0000000000000000       0x2d
 .ARM.attributes
                0x0000000000000000       0x21 /opt/devkitpro/devkitARM/lib/gcc/arm-none-eabi/9.1.0/../../../../arm-none-eabi/lib/ds_arm9_crt0.o
 .ARM.attributes
                0x0000000000000021       0x1c /opt/devkitpro/devkitARM/lib/gcc/arm-none-eabi/9.1.0/crti.o
 .ARM.attributes
                0x000000000000003d       0x2a /opt/devkitpro/devkitARM/lib/gcc/arm-none-eabi/9.1.0/crtbegin.o
 .ARM.attributes
                0x0000000000000067       0x14 soundbank.bin.o
 .ARM.attributes
                0x000000000000007b       0x2b TimerSystem.o
 .ARM.attributes
                0x00000000000000a6       0x2b main.o
 .ARM.attributes
                0x00000000000000d1       0x1b /opt/devkitpro/libnds/lib/libmm9.a(mm_comms.o)
 .ARM.attributes
                0x00000000000000ec       0x1b /opt/devkitpro/libnds/lib/libmm9.a(mm_memory.o)
 .ARM.attributes
                0x0000000000000107       0x1b /opt/devkitpro/libnds/lib/libmm9.a(mm_main9.o)
 .ARM.attributes
                0x0000000000000122       0x1b /opt/devkitpro/libnds/lib/libmm9.a(mm_soundbank.o)
 .ARM.attributes
                0x000000000000013d       0x1b /opt/devkitpro/libnds/lib/libmm9.a(mm_flusher.o)
 .ARM.attributes
                0x0000000000000158       0x2b /opt/devkitpro/libnds/lib/libnds9.a(background.o)
 .ARM.attributes
                0x0000000000000183       0x2b /opt/devkitpro/libnds/lib/libnds9.a(video.o)
 .ARM.attributes
                0x00000000000001ae       0x2b /opt/devkitpro/libnds/lib/libnds9.a(system.o)
 .ARM.attributes
                0x00000000000001d9       0x2b /opt/devkitpro/libnds/lib/libnds9.a(console.o)
 .ARM.attributes
                0x0000000000000204       0x2b /opt/devkitpro/libnds/lib/libnds9.a(trig.o)
 .ARM.attributes
                0x000000000000022f       0x2b /opt/devkitpro/libnds/lib/libnds9.a(keys.o)
 .ARM.attributes
                0x000000000000025a       0x2b /opt/devkitpro/libnds/lib/libnds9.a(initSystem.o)
 .ARM.attributes
                0x0000000000000285       0x2b /opt/devkitpro/libnds/lib/libnds9.a(timeSupport.o)
 .ARM.attributes
                0x00000000000002b0       0x2b /opt/devkitpro/libnds/lib/libnds9.a(securearea.o)
 .ARM.attributes
                0x00000000000002db       0x2b /opt/devkitpro/libnds/lib/libnds9.a(interrupts.o)
 .ARM.attributes
                0x0000000000000306       0x2b /opt/devkitpro/libnds/lib/libnds9.a(libnds_exit.arm.o)
 .ARM.attributes
                0x0000000000000331       0x2b /opt/devkitpro/libnds/lib/libnds9.a(fifosystem.o)
 .ARM.attributes
                0x000000000000035c       0x21 /opt/devkitpro/libnds/lib/libnds9.a(mpu_setup.o)
 .ARM.attributes
                0x000000000000037d       0x21 /opt/devkitpro/libnds/lib/libnds9.a(IntrWait.o)
 .ARM.attributes
                0x000000000000039e       0x21 /opt/devkitpro/libnds/lib/libnds9.a(cpu_clock.o)
 .ARM.attributes
                0x00000000000003bf       0x1b /opt/devkitpro/libnds/lib/libnds9.a(interruptDispatcher.o)
 .ARM.attributes
                0x00000000000003da       0x21 /opt/devkitpro/libnds/lib/libnds9.a(swiSoftReset.o)
 .ARM.attributes
                0x00000000000003fb       0x1b /opt/devkitpro/libnds/lib/libnds9.a(biosCalls.o)
 .ARM.attributes
                0x0000000000000416       0x14 /opt/devkitpro/libnds/lib/libnds9.a(default_font.bin.o)
 .ARM.attributes
                0x000000000000042a       0x2a /opt/devkitpro/devkitARM/lib/gcc/arm-none-eabi/9.1.0/../../../../arm-none-eabi/lib/libstdc++.a(del_ops.o)
 .ARM.attributes
                0x0000000000000454       0x2a /opt/devkitpro/devkitARM/lib/gcc/arm-none-eabi/9.1.0/../../../../arm-none-eabi/lib/libstdc++.a(del_op.o)
 .ARM.attributes
                0x000000000000047e       0x1c /opt/devkitpro/devkitARM/lib/gcc/arm-none-eabi/9.1.0/libgcc.a(_divsi3.o)
 .ARM.attributes
                0x000000000000049a       0x1c /opt/devkitpro/devkitARM/lib/gcc/arm-none-eabi/9.1.0/libgcc.a(_dvmd_tls.o)
 .ARM.attributes
                0x00000000000004b6       0x2a /opt/devkitpro/devkitARM/lib/gcc/arm-none-eabi/9.1.0/../../../../arm-none-eabi/lib/libg.a(lib_a-fclose.o)
 .ARM.attributes
                0x00000000000004e0       0x2a /opt/devkitpro/devkitARM/lib/gcc/arm-none-eabi/9.1.0/../../../../arm-none-eabi/lib/libg.a(lib_a-fflush.o)
 .ARM.attributes
                0x000000000000050a       0x2a /opt/devkitpro/devkitARM/lib/gcc/arm-none-eabi/9.1.0/../../../../arm-none-eabi/lib/libg.a(lib_a-findfp.o)
 .ARM.attributes
                0x0000000000000534       0x2a /opt/devkitpro/devkitARM/lib/gcc/arm-none-eabi/9.1.0/../../../../arm-none-eabi/lib/libg.a(lib_a-fopen.o)
 .ARM.attributes
                0x000000000000055e       0x2a /opt/devkitpro/devkitARM/lib/gcc/arm-none-eabi/9.1.0/../../../../arm-none-eabi/lib/libg.a(lib_a-fread.o)
 .ARM.attributes
                0x0000000000000588       0x2a /opt/devkitpro/devkitARM/lib/gcc/arm-none-eabi/9.1.0/../../../../arm-none-eabi/lib/libg.a(lib_a-freer.o)
 .ARM.attributes
                0x00000000000005b2       0x2a /opt/devkitpro/devkitARM/lib/gcc/arm-none-eabi/9.1.0/../../../../arm-none-eabi/lib/libg.a(lib_a-fseek.o)
 .ARM.attributes
                0x00000000000005dc       0x2a /opt/devkitpro/devkitARM/lib/gcc/arm-none-eabi/9.1.0/../../../../arm-none-eabi/lib/libg.a(lib_a-fseeko.o)
 .ARM.attributes
                0x0000000000000606       0x2a /opt/devkitpro/devkitARM/lib/gcc/arm-none-eabi/9.1.0/../../../../arm-none-eabi/lib/libg.a(lib_a-fwalk.o)
 .ARM.attributes
                0x0000000000000630       0x30 /opt/devkitpro/devkitARM/lib/gcc/arm-none-eabi/9.1.0/../../../../arm-none-eabi/lib/libg.a(lib_a-impure.o)
 .ARM.attributes
                0x0000000000000660       0x2a /opt/devkitpro/devkitARM/lib/gcc/arm-none-eabi/9.1.0/../../../../arm-none-eabi/lib/libg.a(lib_a-init.o)
 .ARM.attributes